Archive member included to satisfy reference by file (symbol)

C:/Renesas/RA/e2studio_v2026-04.2_fsp_v6.5.0/toolchains/gcc_arm/13.2.rel1/bin/../lib/gcc/arm-none-eabi/13.2.1/thumb/v8-m.main+fp/hard\libgcc.a(_arm_muldf3.o)
                              ./src/SRC/COMPS/NSC/ptx_NSC_InitHw.o (__aeabi_dmul)
C:/Renesas/RA/e2studio_v2026-04.2_fsp_v6.5.0/toolchains/gcc_arm/13.2.rel1/bin/../lib/gcc/arm-none-eabi/13.2.1/thumb/v8-m.main+fp/hard\libgcc.a(_arm_addsubdf3.o)
                              ./src/SRC/COMPS/NSC/ptx_NSC_InitHw.o (__aeabi_dadd)
C:/Renesas/RA/e2studio_v2026-04.2_fsp_v6.5.0/toolchains/gcc_arm/13.2.rel1/bin/../lib/gcc/arm-none-eabi/13.2.1/thumb/v8-m.main+fp/hard\libgcc.a(_arm_muldivdf3.o)
                              ./src/SRC/COMPS/NSC/ptx_NSC_InitHw.o (__aeabi_ddiv)
C:/Renesas/RA/e2studio_v2026-04.2_fsp_v6.5.0/toolchains/gcc_arm/13.2.rel1/bin/../lib/gcc/arm-none-eabi/13.2.1/thumb/v8-m.main+fp/hard\libgcc.a(_arm_fixunsdfsi.o)
                              ./src/SRC/COMPS/NSC/ptx_NSC_InitHw.o (__aeabi_d2uiz)
C:/Renesas/RA/e2studio_v2026-04.2_fsp_v6.5.0/toolchains/gcc_arm/13.2.rel1/bin/../lib/gcc/arm-none-eabi/13.2.1/thumb/v8-m.main+fp/hard\libgcc.a(_aeabi_ldivmod.o)
                              ./ra/fsp/src/r_sci_uart/r_sci_uart.o (__aeabi_ldivmod)
C:/Renesas/RA/e2studio_v2026-04.2_fsp_v6.5.0/toolchains/gcc_arm/13.2.rel1/bin/../lib/gcc/arm-none-eabi/13.2.1/thumb/v8-m.main+fp/hard\libgcc.a(_aeabi_uldivmod.o)
                              ./src/SRC/COMPS/HAL/DRV/MCU/RA4M2/ptx_HAL_DRV_Timer.o (__aeabi_uldivmod)
C:/Renesas/RA/e2studio_v2026-04.2_fsp_v6.5.0/toolchains/gcc_arm/13.2.rel1/bin/../lib/gcc/arm-none-eabi/13.2.1/thumb/v8-m.main+fp/hard\libgcc.a(_udivmoddi4.o)
                              C:/Renesas/RA/e2studio_v2026-04.2_fsp_v6.5.0/toolchains/gcc_arm/13.2.rel1/bin/../lib/gcc/arm-none-eabi/13.2.1/thumb/v8-m.main+fp/hard\libgcc.a(_aeabi_ldivmod.o) (__udivmoddi4)
C:/Renesas/RA/e2studio_v2026-04.2_fsp_v6.5.0/toolchains/gcc_arm/13.2.rel1/bin/../lib/gcc/arm-none-eabi/13.2.1/thumb/v8-m.main+fp/hard\libgcc.a(_dvmd_tls.o)
                              C:/Renesas/RA/e2studio_v2026-04.2_fsp_v6.5.0/toolchains/gcc_arm/13.2.rel1/bin/../lib/gcc/arm-none-eabi/13.2.1/thumb/v8-m.main+fp/hard\libgcc.a(_aeabi_ldivmod.o) (__aeabi_ldiv0)
C:/Renesas/RA/e2studio_v2026-04.2_fsp_v6.5.0/toolchains/gcc_arm/13.2.rel1/bin/../lib/gcc/arm-none-eabi/13.2.1/thumb/v8-m.main+fp/hard\libg_nano.a(libc_a-exit.o)
                              C:/Renesas/RA/e2studio_v2026-04.2_fsp_v6.5.0/toolchains/gcc_arm/13.2.rel1/bin/../lib/gcc/arm-none-eabi/13.2.1/thumb/v8-m.main+fp/hard/rdimon-crt0.o (exit)
C:/Renesas/RA/e2studio_v2026-04.2_fsp_v6.5.0/toolchains/gcc_arm/13.2.rel1/bin/../lib/gcc/arm-none-eabi/13.2.1/thumb/v8-m.main+fp/hard\libg_nano.a(libc_a-findfp.o)
                              C:/Renesas/RA/e2studio_v2026-04.2_fsp_v6.5.0/toolchains/gcc_arm/13.2.rel1/bin/../lib/gcc/arm-none-eabi/13.2.1/thumb/v8-m.main+fp/hard\libg_nano.a(libc_a-exit.o) (__stdio_exit_handler)
C:/Renesas/RA/e2studio_v2026-04.2_fsp_v6.5.0/toolchains/gcc_arm/13.2.rel1/bin/../lib/gcc/arm-none-eabi/13.2.1/thumb/v8-m.main+fp/hard\libg_nano.a(libc_a-fwalk.o)
                              C:/Renesas/RA/e2studio_v2026-04.2_fsp_v6.5.0/toolchains/gcc_arm/13.2.rel1/bin/../lib/gcc/arm-none-eabi/13.2.1/thumb/v8-m.main+fp/hard\libg_nano.a(libc_a-findfp.o) (_fwalk_sglue)
C:/Renesas/RA/e2studio_v2026-04.2_fsp_v6.5.0/toolchains/gcc_arm/13.2.rel1/bin/../lib/gcc/arm-none-eabi/13.2.1/thumb/v8-m.main+fp/hard\libg_nano.a(libc_a-stdio.o)
                              C:/Renesas/RA/e2studio_v2026-04.2_fsp_v6.5.0/toolchains/gcc_arm/13.2.rel1/bin/../lib/gcc/arm-none-eabi/13.2.1/thumb/v8-m.main+fp/hard\libg_nano.a(libc_a-findfp.o) (__sread)
C:/Renesas/RA/e2studio_v2026-04.2_fsp_v6.5.0/toolchains/gcc_arm/13.2.rel1/bin/../lib/gcc/arm-none-eabi/13.2.1/thumb/v8-m.main+fp/hard\libg_nano.a(libc_a-vsnprintf.o)
                              ./src/SRC/EXAMPLES/Utils/ptx_Utils_Print.o (vsnprintf)
C:/Renesas/RA/e2studio_v2026-04.2_fsp_v6.5.0/toolchains/gcc_arm/13.2.rel1/bin/../lib/gcc/arm-none-eabi/13.2.1/thumb/v8-m.main+fp/hard\libg_nano.a(libc_a-memcmp.o)
                              ./src/SRC/API/RUL/ptx_RUL_CardHandler.o (memcmp)
C:/Renesas/RA/e2studio_v2026-04.2_fsp_v6.5.0/toolchains/gcc_arm/13.2.rel1/bin/../lib/gcc/arm-none-eabi/13.2.1/thumb/v8-m.main+fp/hard\libg_nano.a(libc_a-memmove.o)
                              ./src/SRC/API/NDEF/TAG_TYPES/NDEF_T4T/ptx_NDEF_T4T.o (memmove)
C:/Renesas/RA/e2studio_v2026-04.2_fsp_v6.5.0/toolchains/gcc_arm/13.2.rel1/bin/../lib/gcc/arm-none-eabi/13.2.1/thumb/v8-m.main+fp/hard\libg_nano.a(libc_a-memset.o)
                              C:/Renesas/RA/e2studio_v2026-04.2_fsp_v6.5.0/toolchains/gcc_arm/13.2.rel1/bin/../lib/gcc/arm-none-eabi/13.2.1/thumb/v8-m.main+fp/hard/rdimon-crt0.o (memset)
C:/Renesas/RA/e2studio_v2026-04.2_fsp_v6.5.0/toolchains/gcc_arm/13.2.rel1/bin/../lib/gcc/arm-none-eabi/13.2.1/thumb/v8-m.main+fp/hard\libg_nano.a(libc_a-closer.o)
[...]
Memory Configuration

Name             Origin             Length             Attributes
RAM              0x20000000         0x0000a000         xrw
FLASH            0x00000000         0x00020000         xr
DATA_FLASH       0x08000000         0x00001000         xr
OPTION_SETTING_OFS0 0x0100a100         0x00000004         r
OPTION_SETTING_OSIS 0x0100a120         0x00000010         r
OPTION_SETTING_OFS1_SEC 0x0100a200         0x00000004         r
OPTION_SETTING_BPS_SEC 0x0100a240         0x00000004         r
OPTION_SETTING_PBPS_SEC 0x0100a260         0x00000004         r
*default*        0x00000000         0xffffffff

Linker script and memory map

LOAD C:/Renesas/RA/e2studio_v2026-04.2_fsp_v6.5.0/toolchains/gcc_arm/13.2.rel1/bin/../lib/gcc/arm-none-eabi/13.2.1/thumb/v8-m.main+fp/hard/crti.o
LOAD C:/Renesas/RA/e2studio_v2026-04.2_fsp_v6.5.0/toolchains/gcc_arm/13.2.rel1/bin/../lib/gcc/arm-none-eabi/13.2.1/thumb/v8-m.main+fp/hard/crtbegin.o
LOAD C:/Renesas/RA/e2studio_v2026-04.2_fsp_v6.5.0/toolchains/gcc_arm/13.2.rel1/bin/../lib/gcc/arm-none-eabi/13.2.1/thumb/v8-m.main+fp/hard/rdimon-crt0.o
START GROUP
LOAD ./src/SRC/EXAMPLES/ptx_Example_NFCForumNDEF/ptx_ExampleApplication.o
LOAD ./src/SRC/EXAMPLES/Utils/ptx_Utils_AppParameters.o
LOAD ./src/SRC/EXAMPLES/Utils/ptx_Utils_CardInfo.o
LOAD ./src/SRC/EXAMPLES/Utils/ptx_Utils_Print.o
LOAD ./src/SRC/EXAMPLES/Utils/ptx_Utils_VersionInfo.o
LOAD ./src/SRC/COMPS/UTILS/ptx_RingBuffer.o
LOAD ./src/SRC/COMPS/NSC/UCODE/ptx_NSC_uCODE.o
LOAD ./src/SRC/COMPS/NSC/RUL/ptx_NSC_RUL.o
LOAD ./src/SRC/COMPS/NSC/RUL/ptx_NSC_RUL_MsgProcessing.o
LOAD ./src/SRC/COMPS/NSC/RUL/ptx_NSC_RUL_RfConfig.o
LOAD ./src/SRC/COMPS/NSC/RUL/ptx_NSC_RfConfigVal.o
LOAD ./src/SRC/COMPS/NSC/ptx_NSC.o
LOAD ./src/SRC/COMPS/NSC/ptx_NSC_CmdProcessor.o
LOAD ./src/SRC/COMPS/NSC/ptx_NSC_Data.o
LOAD ./src/SRC/COMPS/NSC/ptx_NSC_Error.o
LOAD ./src/SRC/COMPS/NSC/ptx_NSC_Firmware.o
LOAD ./src/SRC/COMPS/NSC/ptx_NSC_InitHw.o
LOAD ./src/SRC/COMPS/NSC/ptx_NSC_Misc.o
LOAD ./src/SRC/COMPS/NSC/ptx_NSC_RevisionInfo.o
LOAD ./src/SRC/COMPS/NSC/ptx_NSC_RfActivate.o
LOAD ./src/SRC/COMPS/NSC/ptx_NSC_RfConfig.o
LOAD ./src/SRC/COMPS/NSC/ptx_NSC_RfDeactivate.o
LOAD ./src/SRC/COMPS/NSC/ptx_NSC_RfDiscover.o
LOAD ./src/SRC/COMPS/NSC/ptx_NSC_RfDiscover_Listen.o
LOAD ./src/SRC/COMPS/NSC/ptx_NSC_RfDiscover_Poll.o
LOAD ./src/SRC/COMPS/NSC/ptx_NSC_RfPresenceCheck.o
LOAD ./src/SRC/COMPS/NSC/ptx_NSC_RfSetParameter.o
LOAD ./src/SRC/COMPS/NSC/ptx_NSC_RfSetRoutingTable.o
LOAD ./src/SRC/COMPS/NSC/ptx_NSC_RfTest.o
LOAD ./src/SRC/COMPS/NSC/ptx_NSC_Standby.o
LOAD ./src/SRC/COMPS/NSC/ptx_NSC_StateMachine.o
LOAD ./src/SRC/COMPS/NSC/ptx_NSC_SystemConfig.o
LOAD ./src/SRC/COMPS/NSC/ptx_NSC_Wakeup.o
LOAD ./src/SRC/COMPS/NSC/ptx_NSC_Wlc.o
LOAD ./src/SRC/COMPS/LOG/NONE/ptx_Log_None.o
LOAD ./src/SRC/COMPS/LOG/ptx_Log.o
LOAD ./src/SRC/COMPS/HIP/RUL/ptx_HIP_Frame.o
LOAD ./src/SRC/COMPS/HIP/ptx_HIP.o
LOAD ./src/SRC/COMPS/HAL/DRV/MCU/RA4M2/ptx_HAL_DRV_GPIO.o
LOAD ./src/SRC/COMPS/HAL/DRV/MCU/RA4M2/ptx_HAL_DRV_Interface_SPI.o
LOAD ./src/SRC/COMPS/HAL/DRV/MCU/RA4M2/ptx_HAL_DRV_MCU.o
LOAD ./src/SRC/COMPS/HAL/DRV/MCU/RA4M2/ptx_HAL_DRV_Timer.o
LOAD ./src/SRC/COMPS/HAL/ptx_HAL.o
LOAD ./src/SRC/COMPS/HAL/ptx_HAL_GPIO.o
LOAD ./src/SRC/COMPS/HAL/ptx_HAL_Interface.o
LOAD ./src/SRC/COMPS/HAL/ptx_HAL_Interface_SPI.o
LOAD ./src/SRC/COMPS/HAL/ptx_HAL_Timer.o
LOAD ./src/SRC/API/RUL/ptx_RUL.o
LOAD ./src/SRC/API/RUL/ptx_RUL_CardHandler.o
LOAD ./src/SRC/API/RUL/ptx_RUL_DataProcessor.o
LOAD ./src/SRC/API/RUL/ptx_RUL_Discovery.o
LOAD ./src/SRC/API/RUL/ptx_RUL_Extension.o
LOAD ./src/SRC/API/NDEF/TAG_TYPES/NDEF_T5T/ptx_NDEF_T5T.o
LOAD ./src/SRC/API/NDEF/TAG_TYPES/NDEF_T4T/ptx_NDEF_T4T.o
LOAD ./src/SRC/API/NDEF/TAG_TYPES/NDEF_T3T/ptx_NDEF_T3T.o
LOAD ./src/SRC/API/NDEF/TAG_TYPES/NDEF_T2T/ptx_NDEF_T2T.o
LOAD ./src/SRC/API/NDEF/GENERIC/ptx_NDEF.o
LOAD ./src/SRC/API/NATIVE_TAG/T5T/ptx_NativeTag_T5T.o
LOAD ./src/SRC/API/NATIVE_TAG/T4T/ptx_NativeTag_T4T.o
LOAD ./src/SRC/API/NATIVE_TAG/T3T/ptx_NativeTag_T3T.o
LOAD ./src/SRC/API/NATIVE_TAG/T2T/ptx_NativeTag_T2T.o
LOAD ./src/hal_entry.o
LOAD ./ra_gen/common_data.o
LOAD ./ra_gen/hal_data.o
LOAD ./ra_gen/main.o
LOAD ./ra_gen/pin_data.o
LOAD ./ra_gen/vector_data.o
LOAD ./ra/fsp/src/r_sci_uart/r_sci_uart.o
LOAD ./ra/fsp/src/r_sci_spi/r_sci_spi.o
LOAD ./ra/fsp/src/r_ioport/r_ioport.o
LOAD ./ra/fsp/src/r_icu/r_icu.o
LOAD ./ra/fsp/src/r_gpt/r_gpt.o
LOAD ./ra/fsp/src/r_dtc/r_dtc.o
LOAD ./ra/fsp/src/bsp/mcu/ra4e2/bsp_linker.o
LOAD ./ra/fsp/src/bsp/mcu/all/bsp_clocks.o
LOAD ./ra/fsp/src/bsp/mcu/all/bsp_common.o
LOAD ./ra/fsp/src/bsp/mcu/all/bsp_delay.o
LOAD ./ra/fsp/src/bsp/mcu/all/bsp_group_irq.o
LOAD ./ra/fsp/src/bsp/mcu/all/bsp_guard.o
LOAD ./ra/fsp/src/bsp/mcu/all/bsp_io.o
LOAD ./ra/fsp/src/bsp/mcu/all/bsp_ipc.o
LOAD ./ra/fsp/src/bsp/mcu/all/bsp_irq.o
LOAD ./ra/fsp/src/bsp/mcu/all/bsp_macl.o
LOAD ./ra/fsp/src/bsp/mcu/all/bsp_ospi_b.o
LOAD ./ra/fsp/src/bsp/mcu/all/bsp_register_protection.o
LOAD ./ra/fsp/src/bsp/mcu/all/bsp_sbrk.o
LOAD ./ra/fsp/src/bsp/mcu/all/bsp_sdram.o
LOAD ./ra/fsp/src/bsp/mcu/all/bsp_security.o
LOAD ./ra/fsp/src/bsp/cmsis/Device/RENESAS/Source/startup.o
LOAD ./ra/fsp/src/bsp/cmsis/Device/RENESAS/Source/system.o
LOAD ./ra/board/ra4e2_fpb/board_init.o
LOAD ./ra/board/ra4e2_fpb/board_leds.o
END GROUP
START GROUP
LOAD C:/Renesas/RA/e2studio_v2026-04.2_fsp_v6.5.0/toolchains/gcc_arm/13.2.rel1/bin/../lib/gcc/arm-none-eabi/13.2.1/thumb/v8-m.main+fp/hard\libgcc.a
LOAD C:/Renesas/RA/e2studio_v2026-04.2_fsp_v6.5.0/toolchains/gcc_arm/13.2.rel1/bin/../lib/gcc/arm-none-eabi/13.2.1/thumb/v8-m.main+fp/hard\libg_nano.a
LOAD C:/Renesas/RA/e2studio_v2026-04.2_fsp_v6.5.0/toolchains/gcc_arm/13.2.rel1/bin/../lib/gcc/arm-none-eabi/13.2.1/thumb/v8-m.main+fp/hard\libc_nano.a
END GROUP
START GROUP
LOAD C:/Renesas/RA/e2studio_v2026-04.2_fsp_v6.5.0/toolchains/gcc_arm/13.2.rel1/bin/../lib/gcc/arm-none-eabi/13.2.1/thumb/v8-m.main+fp/hard\libgcc.a
LOAD C:/Renesas/RA/e2studio_v2026-04.2_fsp_v6.5.0/toolchains/gcc_arm/13.2.rel1/bin/../lib/gcc/arm-none-eabi/13.2.1/thumb/v8-m.main+fp/hard\libc_nano.a
LOAD C:/Renesas/RA/e2studio_v2026-04.2_fsp_v6.5.0/toolchains/gcc_arm/13.2.rel1/bin/../lib/gcc/arm-none-eabi/13.2.1/thumb/v8-m.main+fp/hard\librdimon_nano.a
END GROUP
START GROUP
LOAD C:/Renesas/RA/e2studio_v2026-04.2_fsp_v6.5.0/toolchains/gcc_arm/13.2.rel1/bin/../lib/gcc/arm-none-eabi/13.2.1/thumb/v8-m.main+fp/hard\libgcc.a
LOAD C:/Renesas/RA/e2studio_v2026-04.2_fsp_v6.5.0/toolchains/gcc_arm/13.2.rel1/bin/../lib/gcc/arm-none-eabi/13.2.1/thumb/v8-m.main+fp/hard\libc_nano.a
LOAD C:/Renesas/RA/e2studio_v2026-04.2_fsp_v6.5.0/toolchains/gcc_arm/13.2.rel1/bin/../lib/gcc/arm-none-eabi/13.2.1/thumb/v8-m.main+fp/hard\librdimon_nano.a
END GROUP
LOAD C:/Renesas/RA/e2studio_v2026-04.2_fsp_v6.5.0/toolchains/gcc_arm/13.2.rel1/bin/../lib/gcc/arm-none-eabi/13.2.1/thumb/v8-m.main+fp/hard/crtend.o
LOAD C:/Renesas/RA/e2studio_v2026-04.2_fsp_v6.5.0/toolchains/gcc_arm/13.2.rel1/bin/../lib/gcc/arm-none-eabi/13.2.1/thumb/v8-m.main+fp/hard/crtn.o
                0x20000000                        RAM_START = 0x20000000
                0x0000a000                        RAM_LENGTH = 0xa000
                0x00000000                        FLASH_START = 0x0
                0x00020000                        FLASH_LENGTH = 0x20000
                0x08000000                        DATA_FLASH_START = 0x8000000
                0x00001000                        DATA_FLASH_LENGTH = 0x1000
                0x0100a100                        OPTION_SETTING_OFS0_START = 0x100a100
                0x00000004                        OPTION_SETTING_OFS0_LENGTH = 0x4
                0x0100a120                        OPTION_SETTING_OSIS_START = 0x100a120
                0x00000010                        OPTION_SETTING_OSIS_LENGTH = 0x10
                0x0100a200                        OPTION_SETTING_OFS1_SEC_START = 0x100a200
                0x00000004                        OPTION_SETTING_OFS1_SEC_LENGTH = 0x4
                0x0100a240                        OPTION_SETTING_BPS_SEC_START = 0x100a240
                0x00000004                        OPTION_SETTING_BPS_SEC_LENGTH = 0x4
                0x0100a260                        OPTION_SETTING_PBPS_SEC_START = 0x100a260
                0x00000004                        OPTION_SETTING_PBPS_SEC_LENGTH = 0x4
START GROUP
LOAD C:/Renesas/RA/e2studio_v2026-04.2_fsp_v6.5.0/toolchains/gcc_arm/13.2.rel1/bin/../lib/gcc/arm-none-eabi/13.2.1/thumb/v8-m.main+fp/hard\libgcc.a
LOAD C:/Renesas/RA/e2studio_v2026-04.2_fsp_v6.5.0/toolchains/gcc_arm/13.2.rel1/bin/../lib/gcc/arm-none-eabi/13.2.1/thumb/v8-m.main+fp/hard\libc.a
LOAD C:/Renesas/RA/e2studio_v2026-04.2_fsp_v6.5.0/toolchains/gcc_arm/13.2.rel1/bin/../lib/gcc/arm-none-eabi/13.2.1/thumb/v8-m.main+fp/hard\libm.a
END GROUP

.data_flash.startof
                0x08000000        0x0
                0x08000000                        __ddsc_DATA_FLASH_START = .

.ram.startof    0x20000000        0x0
                0x20000000                        __ddsc_RAM_START = .

__ram_dtc_vector$$
                0x20000000       0x2c
                0x20000000                        __ram_dtc_vector$$Base = .
 *(.fsp_dtc_vector_table)
 .fsp_dtc_vector_table
                0x20000000       0x2c ./ra/fsp/src/r_dtc/r_dtc.o
                0x2000002c                        __ram_dtc_vector$$Limit = .

__ram_from_data_flash$$
                0x2000002c        0x0 load address 0x08000000
                0x2000002c                        __ram_from_data_flash$$Base = .
                0x08000000                        __ram_from_data_flash$$Load = LOADADDR (__ram_from_data_flash$$)
 *(.ram_from_data_flash)
 *(.ram_code_from_data_flash)
                0x2000002c                        __ram_from_data_flash$$Limit = .

__data_flash_readonly$$
                0x08000000        0x0
                0x08000000                        __data_flash_readonly$$Base = .
 *(.data_flash)
 *(.data_flash_code)
                0x08000000                        __data_flash_readonly$$Limit = .

__data_flash_noinit$$
                0x08000000        0x0
                0x08000000                        __data_flash_noinit$$Base = .
 *(.data_flash_noinit)
                0x08000000                        __data_flash_noinit$$Limit = .

.data_flash.endof
                0x08000000        0x0
                0x08000000                        __ddsc_DATA_FLASH_END = .

.flash.startof  0x00000000        0x0
                0x00000000                        __ddsc_FLASH_START = .

__flash_vectors$$
                0x00000000       0x6c
                0x00000000                        __flash_vectors$$Base = .
                0x00000000                        _VECTORS = .
 *(.fixed_vectors)
 .fixed_vectors
                0x00000000       0x40 ./ra/fsp/src/bsp/cmsis/Device/RENESAS/Source/startup.o
                0x00000000                __Vectors
 *(.application_vectors)
 .application_vectors
                0x00000040       0x2c ./ra_gen/vector_data.o
                0x00000040                g_vector_table
                0x0000006c                        __flash_vectors$$Limit = .

__flash_noinit$$
                0x0000006c        0x0
                0x0000006c                        __flash_noinit$$Base = .
 *(.flash_noinit)
                0x0000006c                        __flash_noinit$$Limit = .

__ram_from_flash$$
                0x2000002c      0x36c load address 0x0000006c
                0x2000002c                        __ram_from_flash$$Base = .
                0x0000006c                        __ram_from_flash$$Load = LOADADDR (__ram_from_flash$$)
 *(.ram_from_flash)
 *(.ram_code_from_flash)
 *(.data*)
 .data.PTX_DEMO_VERSION
                0x2000002c        0x4 ./src/SRC/EXAMPLES/ptx_Example_NFCForumNDEF/ptx_ExampleApplication.o
                0x2000002c                PTX_DEMO_VERSION
 .data.EXAMPLE_DEVICE_NAME
                0x20000030        0x4 ./src/SRC/EXAMPLES/ptx_Example_NFCForumNDEF/ptx_ExampleApplication.o
 .data.ptx_NSC_uCODE_sections
                0x20000034       0x10 ./src/SRC/COMPS/NSC/UCODE/ptx_NSC_uCODE.o
                0x20000034                ptx_NSC_uCODE_sections
 .data.ptx_NSC_RfConfig_PollA106
                0x20000044       0x2f ./src/SRC/COMPS/NSC/RUL/ptx_NSC_RfConfigVal.o
                0x20000044                ptx_NSC_RfConfig_PollA106
 *fill*         0x20000073        0x1 
 .data.ptx_NSC_RfConfig_PollA212
                0x20000074       0x30 ./src/SRC/COMPS/NSC/RUL/ptx_NSC_RfConfigVal.o
                0x20000074                ptx_NSC_RfConfig_PollA212
 .data.ptx_NSC_RfConfig_PollA424
                0x200000a4       0x30 ./src/SRC/COMPS/NSC/RUL/ptx_NSC_RfConfigVal.o
                0x200000a4                ptx_NSC_RfConfig_PollA424
 .data.ptx_NSC_RfConfig_PollA848
                0x200000d4       0x30 ./src/SRC/COMPS/NSC/RUL/ptx_NSC_RfConfigVal.o
                0x200000d4                ptx_NSC_RfConfig_PollA848
 .data.ptx_NSC_RfConfig_PollB106
                0x20000104       0x2f ./src/SRC/COMPS/NSC/RUL/ptx_NSC_RfConfigVal.o
                0x20000104                ptx_NSC_RfConfig_PollB106
 *fill*         0x20000133        0x1 
 .data.ptx_NSC_RfConfig_PollB212
                0x20000134       0x2f ./src/SRC/COMPS/NSC/RUL/ptx_NSC_RfConfigVal.o
                0x20000134                ptx_NSC_RfConfig_PollB212
 *fill*         0x20000163        0x1 
 .data.ptx_NSC_RfConfig_PollB424
                0x20000164       0x2f ./src/SRC/COMPS/NSC/RUL/ptx_NSC_RfConfigVal.o
                0x20000164                ptx_NSC_RfConfig_PollB424
 *fill*         0x20000193        0x1 
 .data.ptx_NSC_RfConfig_PollB848
                0x20000194       0x2f ./src/SRC/COMPS/NSC/RUL/ptx_NSC_RfConfigVal.o
                0x20000194                ptx_NSC_RfConfig_PollB848
 *fill*         0x200001c3        0x1 
 .data.ptx_NSC_RfConfig_PollF212
                0x200001c4       0x2e ./src/SRC/COMPS/NSC/RUL/ptx_NSC_RfConfigVal.o
                0x200001c4                ptx_NSC_RfConfig_PollF212
 *fill*         0x200001f2        0x2 
 .data.ptx_NSC_RfConfig_PollF424
                0x200001f4       0x2e ./src/SRC/COMPS/NSC/RUL/ptx_NSC_RfConfigVal.o
                0x200001f4                ptx_NSC_RfConfig_PollF424
 *fill*         0x20000222        0x2 
 .data.ptx_NSC_RfConfig_PollV26_5
                0x20000224       0x2f ./src/SRC/COMPS/NSC/RUL/ptx_NSC_RfConfigVal.o
                0x20000224                ptx_NSC_RfConfig_PollV26_5
 *fill*         0x20000253        0x1 
 .data.ptx_NSC_RfConfig_ListenA212
                0x20000254        0x7 ./src/SRC/COMPS/NSC/RUL/ptx_NSC_RfConfigVal.o
                0x20000254                ptx_NSC_RfConfig_ListenA212
 *fill*         0x2000025b        0x1 
 .data.ptx_NSC_RfConfig_ListenA424
                0x2000025c        0x7 ./src/SRC/COMPS/NSC/RUL/ptx_NSC_RfConfigVal.o
                0x2000025c                ptx_NSC_RfConfig_ListenA424
 *fill*         0x20000263        0x1 
 .data.ptx_NSC_RfConfig_ListenA848
                0x20000264        0x7 ./src/SRC/COMPS/NSC/RUL/ptx_NSC_RfConfigVal.o
                0x20000264                ptx_NSC_RfConfig_ListenA848
 *fill*         0x2000026b        0x1 
 .data.ptx_NSC_RfConfig_ListenB212
                0x2000026c        0x9 ./src/SRC/COMPS/NSC/RUL/ptx_NSC_RfConfigVal.o
                0x2000026c                ptx_NSC_RfConfig_ListenB212
 *fill*         0x20000275        0x3 
 .data.ptx_NSC_RfConfig_ListenB424
                0x20000278        0x9 ./src/SRC/COMPS/NSC/RUL/ptx_NSC_RfConfigVal.o
                0x20000278                ptx_NSC_RfConfig_ListenB424
 *fill*         0x20000281        0x3 
 .data.ptx_NSC_RfConfig_ListenB848
                0x20000284        0x9 ./src/SRC/COMPS/NSC/RUL/ptx_NSC_RfConfigVal.o
                0x20000284                ptx_NSC_RfConfig_ListenB848
 *fill*         0x2000028d        0x3 
 .data.ptx_NSC_RfConfig_Poll
                0x20000290       0x10 ./src/SRC/COMPS/NSC/RUL/ptx_NSC_RfConfigVal.o
                0x20000290                ptx_NSC_RfConfig_Poll
 .data.ptx_NSC_RfConfig_Listen
                0x200002a0       0x1f ./src/SRC/COMPS/NSC/RUL/ptx_NSC_RfConfigVal.o
                0x200002a0                ptx_NSC_RfConfig_Listen
 *fill*         0x200002bf        0x1 
 .data.ptx_NSC_RfConfig_Wavepattern
                0x200002c0       0x20 ./src/SRC/COMPS/NSC/RUL/ptx_NSC_RfConfigVal.o
                0x200002c0                ptx_NSC_RfConfig_Wavepattern
 .data.gDrvGpioPortConfig
                0x200002e0        0x4 ./src/SRC/COMPS/HAL/DRV/MCU/RA4M2/ptx_HAL_DRV_GPIO.o
 .data.gDrvSpiPortConfigs
                0x200002e4       0x1c ./src/SRC/COMPS/HAL/DRV/MCU/RA4M2/ptx_HAL_DRV_Interface_SPI.o
 .data.gDrvTimerPortConfigs
                0x20000300       0x28 ./src/SRC/COMPS/HAL/DRV/MCU/RA4M2/ptx_HAL_DRV_Timer.o
 .data.g_transfer3_info
                0x20000328       0x10 ./ra_gen/hal_data.o
                0x20000328                g_transfer3_info
 .data.g_transfer2_info
                0x20000338       0x10 ./ra_gen/hal_data.o
                0x20000338                g_transfer2_info
 .data._impure_ptr
                0x20000348        0x4 C:/Renesas/RA/e2studio_v2026-04.2_fsp_v6.5.0/toolchains/gcc_arm/13.2.rel1/bin/../lib/gcc/arm-none-eabi/13.2.1/thumb/v8-m.main+fp/hard\libg_nano.a(libc_a-impure.o)
                0x20000348                _impure_ptr
 .data._impure_data
                0x2000034c       0x4c C:/Renesas/RA/e2studio_v2026-04.2_fsp_v6.5.0/toolchains/gcc_arm/13.2.rel1/bin/../lib/gcc/arm-none-eabi/13.2.1/thumb/v8-m.main+fp/hard\libg_nano.a(libc_a-impure.o)
                0x2000034c                _impure_data
 *(vtable)
                0x20000398                        __ram_from_flash$$Limit = .

.tm_clone_table
                0x20000398        0x0 load address 0x000003d8
 .tm_clone_table
                0x20000398        0x0 C:/Renesas/RA/e2studio_v2026-04.2_fsp_v6.5.0/toolchains/gcc_arm/13.2.rel1/bin/../lib/gcc/arm-none-eabi/13.2.1/thumb/v8-m.main+fp/hard/crtbegin.o
 .tm_clone_table
                0x20000398        0x0 C:/Renesas/RA/e2studio_v2026-04.2_fsp_v6.5.0/toolchains/gcc_arm/13.2.rel1/bin/../lib/gcc/arm-none-eabi/13.2.1/thumb/v8-m.main+fp/hard/crtend.o

.igot.plt       0x20000398        0x0 load address 0x000003d8
 .igot.plt      0x20000398        0x0 C:/Renesas/RA/e2studio_v2026-04.2_fsp_v6.5.0/toolchains/gcc_arm/13.2.rel1/bin/../lib/gcc/arm-none-eabi/13.2.1/thumb/v8-m.main+fp/hard/crtbegin.o

__ram_noinit_nocache$$
                0x200003a0        0x0 load address 0x000003e0
                0x200003a0                        __ram_noinit_nocache$$Base = .
 *(.ram_noinit_nocache)
                0x200003a0                        __ram_noinit_nocache$$Limit = .

__ram_zero_nocache$$
                0x20000398        0x8 load address 0x000003d8
                0x20000398                        __ram_zero_nocache$$Base = .
 *(.bss.*_fsp_nocache)
 *(.ram_nocache)
                0x200003a0                        . = ALIGN (0x20)
 *fill*         0x20000398        0x8 
                0x200003a0                        __ram_zero_nocache$$Limit = .

__ram_noinit$$  0x200003a0     0x6818 load address 0x000003d8
                0x200003a0                        __ram_noinit$$Base = .
 *(.bss.g_heap)
 .bss.g_heap    0x200003a0      0x800 ./ra/fsp/src/bsp/cmsis/Device/RENESAS/Source/startup.o
                0x200003a0                g_heap
 *(.bss.g_main_stack)
 .bss.g_main_stack
                0x20000ba0     0x6000 ./ra/fsp/src/bsp/cmsis/Device/RENESAS/Source/startup.o
                0x20000ba0                g_main_stack
 *(.ram_noinit)
 .ram_noinit    0x20006ba0       0x18 ./ra/fsp/src/bsp/mcu/all/bsp_clocks.o
 *(.noinit)
                0x20006bb8                        __ram_noinit$$Limit = .

__ram_zero$$    0x20006bb8      0x284 load address 0x000003d8
                0x20006bb8                        __ram_zero$$Base = .
 *(.ram)
 *(.bss*)
 .bss.completed.1
                0x20006bb8        0x1 C:/Renesas/RA/e2studio_v2026-04.2_fsp_v6.5.0/toolchains/gcc_arm/13.2.rel1/bin/../lib/gcc/arm-none-eabi/13.2.1/thumb/v8-m.main+fp/hard/crtbegin.o
 *fill*         0x20006bb9        0x3 
 .bss.object.0  0x20006bbc       0x18 C:/Renesas/RA/e2studio_v2026-04.2_fsp_v6.5.0/toolchains/gcc_arm/13.2.rel1/bin/../lib/gcc/arm-none-eabi/13.2.1/thumb/v8-m.main+fp/hard/crtbegin.o
 .bss.gExit     0x20006bd4        0x4 ./src/SRC/EXAMPLES/ptx_Example_NFCForumNDEF/ptx_ExampleApplication.o
 .bss.ptx_pmod2_irq_ctrl
                0x20006bd8       0x10 ./ra_gen/common_data.o
                0x20006bd8                ptx_pmod2_irq_ctrl
 .bss.g_ioport_ctrl
                0x20006be8        0x8 ./ra_gen/common_data.o
                0x20006be8                g_ioport_ctrl
 .bss.ptx_tmr1_ctrl
                0x20006bf0       0x20 ./ra_gen/hal_data.o
                0x20006bf0                ptx_tmr1_ctrl
 .bss.ptx_tmr0_ctrl
                0x20006c10       0x20 ./ra_gen/hal_data.o
                0x20006c10                ptx_tmr0_ctrl
 .bss.g_transfer3_ctrl
                0x20006c30        0x8 ./ra_gen/hal_data.o
                0x20006c30                g_transfer3_ctrl
 .bss.g_transfer2_ctrl
                0x20006c38        0x8 ./ra_gen/hal_data.o
                0x20006c38                g_transfer2_ctrl
 .bss.ptx_pmod2_spi_ctrl
                0x20006c40       0x2c ./ra_gen/hal_data.o
                0x20006c40                ptx_pmod2_spi_ctrl
 .bss.tx_dummy.0
                0x20006c6c        0x1 ./ra/fsp/src/r_sci_spi/r_sci_spi.o
 .bss.g_dtc_state_initialized.0
                0x20006c6d        0x1 ./ra/fsp/src/r_dtc/r_dtc.o
 *fill*         0x20006c6e        0x2 
 .bss.g_bsp_group_irq_sources
                0x20006c70       0x40 ./ra/fsp/src/bsp/mcu/all/bsp_group_irq.o
                0x20006c70                g_bsp_group_irq_sources
 .bss.g_protect_pfswe_counter
                0x20006cb0        0x4 ./ra/fsp/src/bsp/mcu/all/bsp_io.o
                0x20006cb0                g_protect_pfswe_counter
 .bss.gp_renesas_isr_context
                0x20006cb4       0x2c ./ra/fsp/src/bsp/mcu/all/bsp_irq.o
                0x20006cb4                gp_renesas_isr_context
 .bss.g_protect_counters
                0x20006ce0        0xa ./ra/fsp/src/bsp/mcu/all/bsp_register_protection.o
                0x20006ce0                g_protect_counters
 *fill*         0x20006cea        0x2 
 .bss.current_block_offset.0
                0x20006cec        0x4 ./ra/fsp/src/bsp/mcu/all/bsp_sbrk.o
 .bss.SystemCoreClock
                0x20006cf0        0x4 ./ra/fsp/src/bsp/cmsis/Device/RENESAS/Source/system.o
                0x20006cf0                SystemCoreClock
 .bss.__sf      0x20006cf4      0x138 C:/Renesas/RA/e2studio_v2026-04.2_fsp_v6.5.0/toolchains/gcc_arm/13.2.rel1/bin/../lib/gcc/arm-none-eabi/13.2.1/thumb/v8-m.main+fp/hard\libg_nano.a(libc_a-findfp.o)
                0x20006cf4                __sf
 .bss.errno     0x20006e2c        0x4 C:/Renesas/RA/e2studio_v2026-04.2_fsp_v6.5.0/toolchains/gcc_arm/13.2.rel1/bin/../lib/gcc/arm-none-eabi/13.2.1/thumb/v8-m.main+fp/hard\libg_nano.a(libc_a-reent.o)
                0x20006e2c                errno
 .bss.__lock___malloc_recursive_mutex
                0x20006e30        0x1 C:/Renesas/RA/e2studio_v2026-04.2_fsp_v6.5.0/toolchains/gcc_arm/13.2.rel1/bin/../lib/gcc/arm-none-eabi/13.2.1/thumb/v8-m.main+fp/hard\libg_nano.a(libc_a-lock.o)
                0x20006e30                __lock___malloc_recursive_mutex
 *fill*         0x20006e31        0x3 
 .bss.__malloc_sbrk_start
                0x20006e34        0x4 C:/Renesas/RA/e2studio_v2026-04.2_fsp_v6.5.0/toolchains/gcc_arm/13.2.rel1/bin/../lib/gcc/arm-none-eabi/13.2.1/thumb/v8-m.main+fp/hard\libg_nano.a(libc_a-mallocr.o)
                0x20006e34                __malloc_sbrk_start
 .bss.__malloc_free_list
                0x20006e38        0x4 C:/Renesas/RA/e2studio_v2026-04.2_fsp_v6.5.0/toolchains/gcc_arm/13.2.rel1/bin/../lib/gcc/arm-none-eabi/13.2.1/thumb/v8-m.main+fp/hard\libg_nano.a(libc_a-mallocr.o)
                0x20006e38                __malloc_free_list
                0x20006e3c                        __ram_zero$$Limit = .

__ram_thread_stack$$
                0x20006e40        0x0 load address 0x000003d8
                0x20006e40                        __ram_thread_stack$$Base = .
 *(.stack?*)
                0x20006e40                        __ram_thread_stack$$Limit = .

.ram.endof      0x20007000        0x0
                0x20007000                        __ddsc_RAM_END = .

.ram.flat_nsc   0x20007000        0x0
                0x20007000                        __ddsc_RAM_NSC = .

__flash_readonly$$
                0x000003d8    0x1e500
                0x000003d8                        __flash_readonly$$Base = .
 *(.flash)
 *(.flash_code)
 *(.text*)
 .text.deregister_tm_clones
                0x000003d8       0x1c C:/Renesas/RA/e2studio_v2026-04.2_fsp_v6.5.0/toolchains/gcc_arm/13.2.rel1/bin/../lib/gcc/arm-none-eabi/13.2.1/thumb/v8-m.main+fp/hard/crtbegin.o
 .text.register_tm_clones
                0x000003f4       0x28 C:/Renesas/RA/e2studio_v2026-04.2_fsp_v6.5.0/toolchains/gcc_arm/13.2.rel1/bin/../lib/gcc/arm-none-eabi/13.2.1/thumb/v8-m.main+fp/hard/crtbegin.o
 .text.__do_global_dtors_aux
                0x0000041c       0x28 C:/Renesas/RA/e2studio_v2026-04.2_fsp_v6.5.0/toolchains/gcc_arm/13.2.rel1/bin/../lib/gcc/arm-none-eabi/13.2.1/thumb/v8-m.main+fp/hard/crtbegin.o
 .text.frame_dummy
                0x00000444       0x24 C:/Renesas/RA/e2studio_v2026-04.2_fsp_v6.5.0/toolchains/gcc_arm/13.2.rel1/bin/../lib/gcc/arm-none-eabi/13.2.1/thumb/v8-m.main+fp/hard/crtbegin.o
 .text.ptx_App_Entry
                0x00000468      0x1ec ./src/SRC/EXAMPLES/ptx_Example_NFCForumNDEF/ptx_ExampleApplication.o
                0x00000468                ptx_App_Entry
 .text.ptx_RunDemoApplication
                0x00000654      0x174 ./src/SRC/EXAMPLES/ptx_Example_NFCForumNDEF/ptx_ExampleApplication.o
 .text.ptx_ProcessState_StartDiscovery
                0x000007c8       0xd0 ./src/SRC/EXAMPLES/ptx_Example_NFCForumNDEF/ptx_ExampleApplication.o
 .text.ptx_ProcessState_WaitForDiscovery
                0x00000898      0x12c ./src/SRC/EXAMPLES/ptx_Example_NFCForumNDEF/ptx_ExampleApplication.o
 .text.ptx_ProcessState_SelectCard
                0x000009c4      0x114 ./src/SRC/EXAMPLES/ptx_Example_NFCForumNDEF/ptx_ExampleApplication.o
 .text.ptx_ProcessState_NDEFDataExchange
                0x00000ad8      0x150 ./src/SRC/EXAMPLES/ptx_Example_NFCForumNDEF/ptx_ExampleApplication.o
 .text.ptx_ProcessState_DeactivateReader
                0x00000c28       0x68 ./src/SRC/EXAMPLES/ptx_Example_NFCForumNDEF/ptx_ExampleApplication.o
 .text.ptx_ProcessState_RestartDiscovery
                0x00000c90       0x6c ./src/SRC/EXAMPLES/ptx_Example_NFCForumNDEF/ptx_ExampleApplication.o
 .text.ptx_ProcessState_SystemError
                0x00000cfc       0x98 ./src/SRC/EXAMPLES/ptx_Example_NFCForumNDEF/ptx_ExampleApplication.o
 .text.ptx_ProcessState_RestartSystem
                0x00000d94       0x54 ./src/SRC/EXAMPLES/ptx_Example_NFCForumNDEF/ptx_ExampleApplication.o
 .text.ptx_ProcessState_NDEFDataExchange_General
                0x00000de8      0x17c ./src/SRC/EXAMPLES/ptx_Example_NFCForumNDEF/ptx_ExampleApplication.o
 .text.ptx_Utils_CardInfo_Print_Card_Parameters
                0x00000f64      0x208 ./src/SRC/EXAMPLES/Utils/ptx_Utils_CardInfo.o
                0x00000f64                ptx_Utils_CardInfo_Print_Card_Parameters
 .text.ptx_Utils_Check_Rf_Error
                0x0000116c       0x5c ./src/SRC/EXAMPLES/Utils/ptx_Utils_CardInfo.o
                0x0000116c                ptx_Utils_Check_Rf_Error
 .text.ptx_Utils_Print
                0x000011c8       0x6e ./src/SRC/EXAMPLES/Utils/ptx_Utils_Print.o
                0x000011c8                ptx_Utils_Print
 *fill*         0x00001236        0x2 
 .text.ptx_Utils_Print_Buffer
                0x00001238       0xd0 ./src/SRC/EXAMPLES/Utils/ptx_Utils_Print.o
                0x00001238                ptx_Utils_Print_Buffer
 .text.ptx_Utils_Write
                0x00001308       0x16 ./src/SRC/EXAMPLES/Utils/ptx_Utils_Print.o
 *fill*         0x0000131e        0x2 
 .text.ptx_Utils_VersionInfo_Print_Revision
                0x00001320      0x1fc ./src/SRC/EXAMPLES/Utils/ptx_Utils_VersionInfo.o
                0x00001320                ptx_Utils_VersionInfo_Print_Revision
 .text.ptx_NSC_Interface_Init
                0x0000151c       0x50 ./src/SRC/COMPS/NSC/RUL/ptx_NSC_RUL.o
                0x0000151c                ptx_NSC_Interface_Init
 .text.ptx_NSC_Interface_Deinit
                0x0000156c       0x44 ./src/SRC/COMPS/NSC/RUL/ptx_NSC_RUL.o
                0x0000156c                ptx_NSC_Interface_Deinit
 .text.ptx_NSC_RUL_FetchMsg
                0x000015b0      0x106 ./src/SRC/COMPS/NSC/RUL/ptx_NSC_RUL_MsgProcessing.o
                0x000015b0                ptx_NSC_RUL_FetchMsg
 .text.ptx_NSC_RUL_NewMsgReceived
                0x000016b6       0xa2 ./src/SRC/COMPS/NSC/RUL/ptx_NSC_RUL_MsgProcessing.o
 .text.ptx_NSC_RUL_RfConfig_LoadParam
                0x00001758      0x58c ./src/SRC/COMPS/NSC/RUL/ptx_NSC_RUL_RfConfig.o
                0x00001758                ptx_NSC_RUL_RfConfig_LoadParam
 .text.ptx_NSC_GetRfConfigInfo
                0x00001ce4       0x60 ./src/SRC/COMPS/NSC/RUL/ptx_NSC_RUL_RfConfig.o
                0x00001ce4                ptx_NSC_GetRfConfigInfo
 .text.ptx_NSC_Init
                0x00001d44       0xec ./src/SRC/COMPS/NSC/ptx_NSC.o
                0x00001d44                ptx_NSC_Init
 .text.ptx_NSC_DeInit
                0x00001e30       0x4a ./src/SRC/COMPS/NSC/ptx_NSC.o
                0x00001e30                ptx_NSC_DeInit
 .text.ptx_NSC_Reset
                0x00001e7a       0x94 ./src/SRC/COMPS/NSC/ptx_NSC.o
                0x00001e7a                ptx_NSC_Reset
 .text.ptx_NSC_GetResetNtf
                0x00001f0e       0x92 ./src/SRC/COMPS/NSC/ptx_NSC.o
                0x00001f0e                ptx_NSC_GetResetNtf
 .text.ptx_NSC_ToggleResetPin
                0x00001fa0       0x74 ./src/SRC/COMPS/NSC/ptx_NSC.o
 .text.ptx_NSC_CmdProcessor_Config
                0x00002014      0x13a ./src/SRC/COMPS/NSC/ptx_NSC_CmdProcessor.o
                0x00002014                ptx_NSC_CmdProcessor_Config
 .text.ptx_NSC_CmdProcessor_DispatchMsg
                0x0000214e       0x60 ./src/SRC/COMPS/NSC/ptx_NSC_CmdProcessor.o
                0x0000214e                ptx_NSC_CmdProcessor_DispatchMsg
 .text.ptx_NSC_CmdProcessor_FetchMsg
                0x000021ae       0xe0 ./src/SRC/COMPS/NSC/ptx_NSC_CmdProcessor.o
                0x000021ae                ptx_NSC_CmdProcessor_FetchMsg
 *fill*         0x0000228e        0x2 
 .text.ptx_NSC_CmdProcessor_ProcessRsp
                0x00002290      0x2e8 ./src/SRC/COMPS/NSC/ptx_NSC_CmdProcessor.o
                0x00002290                ptx_NSC_CmdProcessor_ProcessRsp
 .text.ptx_NSC_CmdProcessor_GetPendingMsg
                0x00002578      0x110 ./src/SRC/COMPS/NSC/ptx_NSC_CmdProcessor.o
                0x00002578                ptx_NSC_CmdProcessor_GetPendingMsg
 .text.ptx_NSC_CmdProcessor_ProcessMsg
                0x00002688       0xa2 ./src/SRC/COMPS/NSC/ptx_NSC_CmdProcessor.o
                0x00002688                ptx_NSC_CmdProcessor_ProcessMsg
 *fill*         0x0000272a        0x2 
 .text.ptx_NSC_CmdProcessor_ProcessNtfMsg
                0x0000272c      0x44c ./src/SRC/COMPS/NSC/ptx_NSC_CmdProcessor.o
 .text.ptx_NSC_CmdProcessor_ProcessDataMsg
                0x00002b78      0x110 ./src/SRC/COMPS/NSC/ptx_NSC_CmdProcessor.o
 .text.ptx_NSC_ParseRfActivateNtf
                0x00002c88      0x370 ./src/SRC/COMPS/NSC/ptx_NSC_CmdProcessor.o
 .text.ptx_NSC_ParseRfDeactivateNtf
                0x00002ff8       0xe6 ./src/SRC/COMPS/NSC/ptx_NSC_CmdProcessor.o
 .text.ptx_NSC_DataTx
                0x000030de      0x262 ./src/SRC/COMPS/NSC/ptx_NSC_Data.o
                0x000030de                ptx_NSC_DataTx
 .text.ptx_NSC_DataRx
                0x00003340      0x1da ./src/SRC/COMPS/NSC/ptx_NSC_Data.o
                0x00003340                ptx_NSC_DataRx
 .text.ptx_NSC_CtrlTx
                0x0000351a       0x6e ./src/SRC/COMPS/NSC/ptx_NSC_Data.o
                0x0000351a                ptx_NSC_CtrlTx
 .text.ptx_NSC_Data_CheckRxMsg
                0x00003588       0xfa ./src/SRC/COMPS/NSC/ptx_NSC_Data.o
 .text.ptx_NSC_Data_CheckRxNtf
                0x00003682       0x4e ./src/SRC/COMPS/NSC/ptx_NSC_Data.o
 .text.ptx_NSC_Data_CheckMsg
                0x000036d0       0x50 ./src/SRC/COMPS/NSC/ptx_NSC_Data.o
 .text.ptx_NSC_Data_CheckAck
                0x00003720       0x90 ./src/SRC/COMPS/NSC/ptx_NSC_Data.o
 .text.ptx_NSC_ProcessErrorNtf
                0x000037b0       0x4a ./src/SRC/COMPS/NSC/ptx_NSC_Error.o
                0x000037b0                ptx_NSC_ProcessErrorNtf
 *fill*         0x000037fa        0x2 
 .text.ptx_NSC_Firmware_Download
                0x000037fc       0xd0 ./src/SRC/COMPS/NSC/ptx_NSC_Firmware.o
                0x000037fc                ptx_NSC_Firmware_Download
 .text.ptx_NSC_Firmware_Activate
                0x000038cc       0xa8 ./src/SRC/COMPS/NSC/ptx_NSC_Firmware.o
                0x000038cc                ptx_NSC_Firmware_Activate
 .text.ptx_NSC_WriteSection
                0x00003974       0xb6 ./src/SRC/COMPS/NSC/ptx_NSC_Firmware.o
 .text.ptx_NSC_PrepareForcedDownload
                0x00003a2a       0xa4 ./src/SRC/COMPS/NSC/ptx_NSC_Firmware.o
 .text.ptx_NSC_InitHw
                0x00003ace      0x51a ./src/SRC/COMPS/NSC/ptx_NSC_InitHw.o
                0x00003ace                ptx_NSC_InitHw
 .text.ptx_NSC_CalculatePllParameters
                0x00003fe8      0x164 ./src/SRC/COMPS/NSC/ptx_NSC_InitHw.o
                0x00003fe8                ptx_NSC_CalculatePllParameters
 .text.ptx_NSC_GetStatus
                0x0000414c      0x16a ./src/SRC/COMPS/NSC/ptx_NSC_Misc.o
                0x0000414c                ptx_NSC_GetStatus
 *fill*         0x000042b6        0x2 
 .text.ptx_NSC_GetInfo
                0x000042b8      0x1a4 ./src/SRC/COMPS/NSC/ptx_NSC_RevisionInfo.o
                0x000042b8                ptx_NSC_GetInfo
 .text.ptx_NSC_RfActivate
                0x0000445c       0xcc ./src/SRC/COMPS/NSC/ptx_NSC_RfActivate.o
                0x0000445c                ptx_NSC_RfActivate
 .text.ptx_NSC_ProcessRfActivateNtf
                0x00004528       0xd0 ./src/SRC/COMPS/NSC/ptx_NSC_RfActivate.o
                0x00004528                ptx_NSC_ProcessRfActivateNtf
 .text.ptx_NSC_RfActivate_Process
                0x000045f8      0x334 ./src/SRC/COMPS/NSC/ptx_NSC_RfActivate.o
 .text.ptx_NSC_RfActivate_ParseRsp_NfcDep
                0x0000492c       0x94 ./src/SRC/COMPS/NSC/ptx_NSC_RfActivate.o
 .text.ptx_NSC_RfActivate_ParseRsp_IsoDepA
                0x000049c0       0xea ./src/SRC/COMPS/NSC/ptx_NSC_RfActivate.o
 .text.ptx_NSC_RfActivate_ParseRsp_IsoDepB
                0x00004aaa       0xb2 ./src/SRC/COMPS/NSC/ptx_NSC_RfActivate.o
 .text.ptx_NSC_RfActivate_ParseRsp
                0x00004b5c       0x92 ./src/SRC/COMPS/NSC/ptx_NSC_RfActivate.o
 .text.ptx_NSC_RfActivateNtf_CheckProtLen
                0x00004bee      0x160 ./src/SRC/COMPS/NSC/ptx_NSC_RfActivate.o
 *fill*         0x00004d4e        0x2 
 .text.ptx_NSC_RfActivateNtf_ParseProtParams_IsoDep
                0x00004d50      0x248 ./src/SRC/COMPS/NSC/ptx_NSC_RfActivate.o
 .text.ptx_NSC_RfActivateNtf_ParseProtParams_NfcDep
                0x00004f98      0x164 ./src/SRC/COMPS/NSC/ptx_NSC_RfActivate.o
 .text.ptx_NSC_RfActivateNtf_ParseProtParams
                0x000050fc       0x7e ./src/SRC/COMPS/NSC/ptx_NSC_RfActivate.o
 *fill*         0x0000517a        0x2 
 .text.ptx_NSC_RfActivateNtf_ParseTechParams
                0x0000517c      0x1b4 ./src/SRC/COMPS/NSC/ptx_NSC_RfActivate.o
 .text.ptx_NSC_RfConfig
                0x00005330       0xd2 ./src/SRC/COMPS/NSC/ptx_NSC_RfConfig.o
                0x00005330                ptx_NSC_RfConfig
 *fill*         0x00005402        0x2 
 .text.ptx_NSC_RfConfig_CheckId
                0x00005404       0xb8 ./src/SRC/COMPS/NSC/ptx_NSC_RfConfig.o
 .text.ptx_NSC_RfConfig_AddToCmd
                0x000054bc       0x9c ./src/SRC/COMPS/NSC/ptx_NSC_RfConfig.o
 .text.ptx_NSC_RfConfig_Send
                0x00005558      0x22e ./src/SRC/COMPS/NSC/ptx_NSC_RfConfig.o
 .text.ptx_NSC_RfConfig_Dispatch
                0x00005786       0xbc ./src/SRC/COMPS/NSC/ptx_NSC_RfConfig.o
 *fill*         0x00005842        0x2 
 .text.ptx_NSC_RfDeactivate
                0x00005844      0x170 ./src/SRC/COMPS/NSC/ptx_NSC_RfDeactivate.o
                0x00005844                ptx_NSC_RfDeactivate
 .text.ptx_NSC_ProcessRfDeactivateNtf
                0x000059b4       0x64 ./src/SRC/COMPS/NSC/ptx_NSC_RfDeactivate.o
                0x000059b4                ptx_NSC_ProcessRfDeactivateNtf
 .text.ptx_NSC_RfDeactivate_CheckErr
                0x00005a18       0xfc ./src/SRC/COMPS/NSC/ptx_NSC_RfDeactivate.o
 .text.ptx_NSC_RfDiscover
                0x00005b14      0x5f0 ./src/SRC/COMPS/NSC/ptx_NSC_RfDiscover.o
                0x00005b14                ptx_NSC_RfDiscover
 .text.ptx_NSC_ProcessRfDiscoverNtf
                0x00006104      0x1e6 ./src/SRC/COMPS/NSC/ptx_NSC_RfDiscover.o
                0x00006104                ptx_NSC_ProcessRfDiscoverNtf
 .text.ptx_NSC_GetRfDiscoveryParam
                0x000062ea       0x60 ./src/SRC/COMPS/NSC/ptx_NSC_RfDiscover.o
                0x000062ea                ptx_NSC_GetRfDiscoveryParam
 .text.ptx_NSC_RfDiscover_Dispatch
                0x0000634a       0x92 ./src/SRC/COMPS/NSC/ptx_NSC_RfDiscover.o
 .text.ptx_NSC_GetRfDiscoveryParam_Listen
                0x000063dc       0xb8 ./src/SRC/COMPS/NSC/ptx_NSC_RfDiscover_Listen.o
                0x000063dc                ptx_NSC_GetRfDiscoveryParam_Listen
 .text.ptx_NSC_ParamParser_Listen
                0x00006494       0x8a ./src/SRC/COMPS/NSC/ptx_NSC_RfDiscover_Listen.o
                0x00006494                ptx_NSC_ParamParser_Listen
 .text.ptx_NSC_ParamParser_ListenA
                0x0000651e       0xf0 ./src/SRC/COMPS/NSC/ptx_NSC_RfDiscover_Listen.o
                0x0000651e                ptx_NSC_ParamParser_ListenA
 .text.ptx_NSC_ParamParser_ListenB
                0x0000660e       0xa0 ./src/SRC/COMPS/NSC/ptx_NSC_RfDiscover_Listen.o
                0x0000660e                ptx_NSC_ParamParser_ListenB
 .text.ptx_NSC_ParamParser_ListenF
                0x000066ae       0xb8 ./src/SRC/COMPS/NSC/ptx_NSC_RfDiscover_Listen.o
                0x000066ae                ptx_NSC_ParamParser_ListenF
 .text.ptx_NSC_ParamParser_ListenIsoDep
                0x00006766       0xec ./src/SRC/COMPS/NSC/ptx_NSC_RfDiscover_Listen.o
                0x00006766                ptx_NSC_ParamParser_ListenIsoDep
 .text.ptx_NSC_ParamParser_ListenNfcDep
                0x00006852       0xd0 ./src/SRC/COMPS/NSC/ptx_NSC_RfDiscover_Listen.o
                0x00006852                ptx_NSC_ParamParser_ListenNfcDep
 .text.ptx_NSC_ConfigureListen
                0x00006922       0x9e ./src/SRC/COMPS/NSC/ptx_NSC_RfDiscover_Listen.o
 .text.ptx_NSC_ConfigureListenA
                0x000069c0      0x108 ./src/SRC/COMPS/NSC/ptx_NSC_RfDiscover_Listen.o
 .text.ptx_NSC_ConfigureListenB
                0x00006ac8       0xe0 ./src/SRC/COMPS/NSC/ptx_NSC_RfDiscover_Listen.o
 .text.ptx_NSC_ConfigureListenF
                0x00006ba8      0x170 ./src/SRC/COMPS/NSC/ptx_NSC_RfDiscover_Listen.o
 .text.ptx_NSC_ConfigureListenIsoDep
                0x00006d18      0x11c ./src/SRC/COMPS/NSC/ptx_NSC_RfDiscover_Listen.o
 .text.ptx_NSC_ConfigureListenNfcDep
                0x00006e34       0xe0 ./src/SRC/COMPS/NSC/ptx_NSC_RfDiscover_Listen.o
 .text.ptx_NSC_SetDefaultDiscParams
                0x00006f14      0x268 ./src/SRC/COMPS/NSC/ptx_NSC_RfDiscover_Listen.o
 .text.ptx_NSC_GetRfDiscoveryParam_Poll
                0x0000717c       0xdc ./src/SRC/COMPS/NSC/ptx_NSC_RfDiscover_Poll.o
                0x0000717c                ptx_NSC_GetRfDiscoveryParam_Poll
 .text.ptx_NSC_ParamParser_Poll
                0x00007258      0x192 ./src/SRC/COMPS/NSC/ptx_NSC_RfDiscover_Poll.o
                0x00007258                ptx_NSC_ParamParser_Poll
 .text.ptx_NSC_ParamParser_PollAcm
                0x000073ea       0x8c ./src/SRC/COMPS/NSC/ptx_NSC_RfDiscover_Poll.o
                0x000073ea                ptx_NSC_ParamParser_PollAcm
 .text.ptx_NSC_ParamParser_PollA
                0x00007476      0x124 ./src/SRC/COMPS/NSC/ptx_NSC_RfDiscover_Poll.o
                0x00007476                ptx_NSC_ParamParser_PollA
 .text.ptx_NSC_ParamParser_PollB
                0x0000759a       0xfe ./src/SRC/COMPS/NSC/ptx_NSC_RfDiscover_Poll.o
                0x0000759a                ptx_NSC_ParamParser_PollB
 .text.ptx_NSC_ParamParser_PollF
                0x00007698      0x118 ./src/SRC/COMPS/NSC/ptx_NSC_RfDiscover_Poll.o
                0x00007698                ptx_NSC_ParamParser_PollF
 .text.ptx_NSC_ParamParser_PollV
                0x000077b0       0xac ./src/SRC/COMPS/NSC/ptx_NSC_RfDiscover_Poll.o
                0x000077b0                ptx_NSC_ParamParser_PollV
 .text.ptx_NSC_ParamParser_PollIsoDep
                0x0000785c       0xba ./src/SRC/COMPS/NSC/ptx_NSC_RfDiscover_Poll.o
                0x0000785c                ptx_NSC_ParamParser_PollIsoDep
 .text.ptx_NSC_ParamParser_PollNfcDep
                0x00007916       0xba ./src/SRC/COMPS/NSC/ptx_NSC_RfDiscover_Poll.o
                0x00007916                ptx_NSC_ParamParser_PollNfcDep
 .text.ptx_NSC_ConfigurePoll
                0x000079d0      0x194 ./src/SRC/COMPS/NSC/ptx_NSC_RfDiscover_Poll.o
 .text.ptx_NSC_ConfigurePollAcm
                0x00007b64       0x9c ./src/SRC/COMPS/NSC/ptx_NSC_RfDiscover_Poll.o
 .text.ptx_NSC_ConfigurePollA
                0x00007c00       0xac ./src/SRC/COMPS/NSC/ptx_NSC_RfDiscover_Poll.o
 .text.ptx_NSC_ConfigurePollB
                0x00007cac       0xac ./src/SRC/COMPS/NSC/ptx_NSC_RfDiscover_Poll.o
 .text.ptx_NSC_ConfigurePollF
                0x00007d58      0x118 ./src/SRC/COMPS/NSC/ptx_NSC_RfDiscover_Poll.o
 .text.ptx_NSC_ConfigurePollV
                0x00007e70       0xb2 ./src/SRC/COMPS/NSC/ptx_NSC_RfDiscover_Poll.o
 .text.ptx_NSC_ConfigurePollIsoDep
                0x00007f22       0x66 ./src/SRC/COMPS/NSC/ptx_NSC_RfDiscover_Poll.o
 .text.ptx_NSC_ConfigurePollNfcDep
                0x00007f88       0x9a ./src/SRC/COMPS/NSC/ptx_NSC_RfDiscover_Poll.o
 *fill*         0x00008022        0x2 
 .text.ptx_NSC_SetDefaultDiscParams
                0x00008024      0x228 ./src/SRC/COMPS/NSC/ptx_NSC_RfDiscover_Poll.o
 .text.ptx_NSC_RfSetRoutingTable_Init
                0x0000824c       0x62 ./src/SRC/COMPS/NSC/ptx_NSC_RfSetRoutingTable.o
                0x0000824c                ptx_NSC_RfSetRoutingTable_Init
 .text.ptx_NSC_RfSetRoutingTable_Deinit
                0x000082ae       0x40 ./src/SRC/COMPS/NSC/ptx_NSC_RfSetRoutingTable.o
                0x000082ae                ptx_NSC_RfSetRoutingTable_Deinit
 .text.ptx_NSC_RfSetRoutingTable_DeinitList
                0x000082ee       0x58 ./src/SRC/COMPS/NSC/ptx_NSC_RfSetRoutingTable.o
 .text.ptx_NSC_CheckRfStateCmdExecution
                0x00008346       0x82 ./src/SRC/COMPS/NSC/ptx_NSC_StateMachine.o
                0x00008346                ptx_NSC_CheckRfStateCmdExecution
 .text.ptx_NSC_SM_CheckParams
                0x000083c8       0xb4 ./src/SRC/COMPS/NSC/ptx_NSC_StateMachine.o
 .text.ptx_NSC_SM_IsCmdAllowed
                0x0000847c       0x98 ./src/SRC/COMPS/NSC/ptx_NSC_StateMachine.o
 .text.ptx_NSC_System_LoadDefaultParam
                0x00008514       0x8c ./src/SRC/COMPS/NSC/ptx_NSC_SystemConfig.o
                0x00008514                ptx_NSC_System_LoadDefaultParam
 .text.ptx_NSC_WLC_ProcessWptStopNtf
                0x000085a0       0x4a ./src/SRC/COMPS/NSC/ptx_NSC_Wlc.o
                0x000085a0                ptx_NSC_WLC_ProcessWptStopNtf
 .text.ptx_Log_Init
                0x000085ea       0x26 ./src/SRC/COMPS/LOG/ptx_Log.o
                0x000085ea                ptx_Log_Init
 .text.ptx_Log_DeInit
                0x00008610       0x1e ./src/SRC/COMPS/LOG/ptx_Log.o
                0x00008610                ptx_Log_DeInit
 .text.ptx_HIP_Frame_Open
                0x0000862e       0x86 ./src/SRC/COMPS/HIP/RUL/ptx_HIP_Frame.o
                0x0000862e                ptx_HIP_Frame_Open
 .text.ptx_HIP_Frame_Close
                0x000086b4       0x32 ./src/SRC/COMPS/HIP/RUL/ptx_HIP_Frame.o
                0x000086b4                ptx_HIP_Frame_Close
 .text.ptx_HIP_Frame_TRx
                0x000086e6      0x100 ./src/SRC/COMPS/HIP/RUL/ptx_HIP_Frame.o
                0x000086e6                ptx_HIP_Frame_TRx
 .text.ptx_HIP_Frame_Encode_SPI
                0x000087e6       0x70 ./src/SRC/COMPS/HIP/RUL/ptx_HIP_Frame.o
                0x000087e6                ptx_HIP_Frame_Encode_SPI
 .text.ptx_HIP_Frame_Encode
                0x00008856      0x17a ./src/SRC/COMPS/HIP/RUL/ptx_HIP_Frame.o
 .text.ptx_HIP_Frame_Decode
                0x000089d0      0x170 ./src/SRC/COMPS/HIP/RUL/ptx_HIP_Frame.o
 .text.ptx_HIP_Frame_CheckAckByte
                0x00008b40       0x84 ./src/SRC/COMPS/HIP/RUL/ptx_HIP_Frame.o
 .text.ptx_HIP_Frame_CalcCRC16
                0x00008bc4       0x72 ./src/SRC/COMPS/HIP/RUL/ptx_HIP_Frame.o
 .text.ptx_HIP_Frame_CalcRxFrameLen
                0x00008c36       0x74 ./src/SRC/COMPS/HIP/RUL/ptx_HIP_Frame.o
 *fill*         0x00008caa        0x2 
 .text.ptx_HIP_Open
                0x00008cac       0xa0 ./src/SRC/COMPS/HIP/ptx_HIP.o
                0x00008cac                ptx_HIP_Open
 .text.ptx_HIP_Close
                0x00008d4c       0x44 ./src/SRC/COMPS/HIP/ptx_HIP.o
                0x00008d4c                ptx_HIP_Close
 .text.ptx_HIP_SysRst
                0x00008d90       0x62 ./src/SRC/COMPS/HIP/ptx_HIP.o
                0x00008d90                ptx_HIP_SysRst
 .text.ptx_HIP_WrCMem
                0x00008df2      0x176 ./src/SRC/COMPS/HIP/ptx_HIP.o
                0x00008df2                ptx_HIP_WrCMem
 .text.ptx_HIP_WrMsg
                0x00008f68       0x68 ./src/SRC/COMPS/HIP/ptx_HIP.o
                0x00008f68                ptx_HIP_WrMsg
 .text.ptx_HIP_RdMsgLen
                0x00008fd0       0x6c ./src/SRC/COMPS/HIP/ptx_HIP.o
                0x00008fd0                ptx_HIP_RdMsgLen
 .text.ptx_HIP_RdMsg
                0x0000903c       0x72 ./src/SRC/COMPS/HIP/ptx_HIP.o
                0x0000903c                ptx_HIP_RdMsg
 *fill*         0x000090ae        0x2 
 .text.ptx_HAL_DRV_GPIO_Init
                0x000090b0       0x54 ./src/SRC/COMPS/HAL/DRV/MCU/RA4M2/ptx_HAL_DRV_GPIO.o
                0x000090b0                ptx_HAL_DRV_GPIO_Init
 .text.ptx_HAL_DRV_GPIO_Open
                0x00009104       0xaa ./src/SRC/COMPS/HAL/DRV/MCU/RA4M2/ptx_HAL_DRV_GPIO.o
                0x00009104                ptx_HAL_DRV_GPIO_Open
 .text.ptx_HAL_DRV_GPIO_Close
                0x000091ae       0x4e ./src/SRC/COMPS/HAL/DRV/MCU/RA4M2/ptx_HAL_DRV_GPIO.o
                0x000091ae                ptx_HAL_DRV_GPIO_Close
 .text.ptx_HAL_DRV_GPIO_ReadPin
                0x000091fc       0x58 ./src/SRC/COMPS/HAL/DRV/MCU/RA4M2/ptx_HAL_DRV_GPIO.o
                0x000091fc                ptx_HAL_DRV_GPIO_ReadPin
 .text.ptx_HAL_DRV_GPIO_WritePin
                0x00009254       0x54 ./src/SRC/COMPS/HAL/DRV/MCU/RA4M2/ptx_HAL_DRV_GPIO.o
                0x00009254                ptx_HAL_DRV_GPIO_WritePin
 .text.ptx_HAL_DRV_GPIO_ReadPort
                0x000092a8       0x58 ./src/SRC/COMPS/HAL/DRV/MCU/RA4M2/ptx_HAL_DRV_GPIO.o
                0x000092a8                ptx_HAL_DRV_GPIO_ReadPort
 .text.ptx_HAL_DRV_GPIO_WritePort
                0x00009300       0x5c ./src/SRC/COMPS/HAL/DRV/MCU/RA4M2/ptx_HAL_DRV_GPIO.o
                0x00009300                ptx_HAL_DRV_GPIO_WritePort
 .text.ptx_HAL_DRV_GPIO_SetCfgPin
                0x0000935c      0x128 ./src/SRC/COMPS/HAL/DRV/MCU/RA4M2/ptx_HAL_DRV_GPIO.o
                0x0000935c                ptx_HAL_DRV_GPIO_SetCfgPin
 .text.ptx_HAL_DRV_Interface_SPI_Init
                0x00009484       0xc8 ./src/SRC/COMPS/HAL/DRV/MCU/RA4M2/ptx_HAL_DRV_Interface_SPI.o
                0x00009484                ptx_HAL_DRV_Interface_SPI_Init
 .text.ptx_HAL_DRV_Interface_SPI_DeInit
                0x0000954c       0x32 ./src/SRC/COMPS/HAL/DRV/MCU/RA4M2/ptx_HAL_DRV_Interface_SPI.o
                0x0000954c                ptx_HAL_DRV_Interface_SPI_DeInit
 *fill*         0x0000957e        0x2 
 .text.ptx_HAL_DRV_Interface_SPI_Open
                0x00009580      0x19c ./src/SRC/COMPS/HAL/DRV/MCU/RA4M2/ptx_HAL_DRV_Interface_SPI.o
                0x00009580                ptx_HAL_DRV_Interface_SPI_Open
 .text.ptx_HAL_DRV_Interface_SPI_Close
                0x0000971c       0x80 ./src/SRC/COMPS/HAL/DRV/MCU/RA4M2/ptx_HAL_DRV_Interface_SPI.o
                0x0000971c                ptx_HAL_DRV_Interface_SPI_Close
 .text.ptx_HAL_DRV_Interface_SPI_Tx
                0x0000979c       0x6a ./src/SRC/COMPS/HAL/DRV/MCU/RA4M2/ptx_HAL_DRV_Interface_SPI.o
                0x0000979c                ptx_HAL_DRV_Interface_SPI_Tx
 .text.ptx_HAL_DRV_Interface_SPI_Rx
                0x00009806       0x6a ./src/SRC/COMPS/HAL/DRV/MCU/RA4M2/ptx_HAL_DRV_Interface_SPI.o
                0x00009806                ptx_HAL_DRV_Interface_SPI_Rx
 .text.ptx_HAL_DRV_Interface_SPI_SetNss
                0x00009870       0x4e ./src/SRC/COMPS/HAL/DRV/MCU/RA4M2/ptx_HAL_DRV_Interface_SPI.o
                0x00009870                ptx_HAL_DRV_Interface_SPI_SetNss
 .text.ptx_HAL_DRV_Interface_SPI_ResetNss
                0x000098be       0x4e ./src/SRC/COMPS/HAL/DRV/MCU/RA4M2/ptx_HAL_DRV_Interface_SPI.o
                0x000098be                ptx_HAL_DRV_Interface_SPI_ResetNss
 .text.ptx_HAL_DRV_Interface_SPI_RxIrqLevel
                0x0000990c       0x5c ./src/SRC/COMPS/HAL/DRV/MCU/RA4M2/ptx_HAL_DRV_Interface_SPI.o
                0x0000990c                ptx_HAL_DRV_Interface_SPI_RxIrqLevel
 .text.ptx_HAL_DRV_Interface_SPI_SetParameter
                0x00009968       0x62 ./src/SRC/COMPS/HAL/DRV/MCU/RA4M2/ptx_HAL_DRV_Interface_SPI.o
                0x00009968                ptx_HAL_DRV_Interface_SPI_SetParameter
 .text.ptx_HAL_DRV_Interface_SPI_GetParameter
                0x000099ca       0x52 ./src/SRC/COMPS/HAL/DRV/MCU/RA4M2/ptx_HAL_DRV_Interface_SPI.o
                0x000099ca                ptx_HAL_DRV_Interface_SPI_GetParameter
 .text.ptx_HAL_DRV_Interface_SPI_SetTransmissionSpeed
                0x00009a1c       0x46 ./src/SRC/COMPS/HAL/DRV/MCU/RA4M2/ptx_HAL_DRV_Interface_SPI.o
 .text.ptx_HAL_DRV_Interface_SPI_TransferCallback
                0x00009a62       0x50 ./src/SRC/COMPS/HAL/DRV/MCU/RA4M2/ptx_HAL_DRV_Interface_SPI.o
                0x00009a62                ptx_HAL_DRV_Interface_SPI_TransferCallback
 .text.ptx_HAL_DRV_Interface_SPI_IrqCallback
                0x00009ab2       0x14 ./src/SRC/COMPS/HAL/DRV/MCU/RA4M2/ptx_HAL_DRV_Interface_SPI.o
                0x00009ab2                ptx_HAL_DRV_Interface_SPI_IrqCallback
 .text.ptx_HAL_DRV_Interface_SPI_Wait4TransferDone
                0x00009ac6       0x6a ./src/SRC/COMPS/HAL/DRV/MCU/RA4M2/ptx_HAL_DRV_Interface_SPI.o
 .text.ptx_HAL_DRV_Interface_SPI_PreConfigurePins
                0x00009b30       0x6c ./src/SRC/COMPS/HAL/DRV/MCU/RA4M2/ptx_HAL_DRV_Interface_SPI.o
 .text.ptx_HAL_DRV_Interface_SPI_DeConfigurePins
                0x00009b9c       0x86 ./src/SRC/COMPS/HAL/DRV/MCU/RA4M2/ptx_HAL_DRV_Interface_SPI.o
 .text.ptx_HAL_DRV_MCU_EnableIrq
                0x00009c22       0x14 ./src/SRC/COMPS/HAL/DRV/MCU/RA4M2/ptx_HAL_DRV_MCU.o
                0x00009c22                ptx_HAL_DRV_MCU_EnableIrq
 .text.ptx_HAL_DRV_MCU_DisableIrq
                0x00009c36       0x14 ./src/SRC/COMPS/HAL/DRV/MCU/RA4M2/ptx_HAL_DRV_MCU.o
                0x00009c36                ptx_HAL_DRV_MCU_DisableIrq
 .text.ptx_HAL_DRV_MCU_WaitForIrq
                0x00009c4a       0x1e ./src/SRC/COMPS/HAL/DRV/MCU/RA4M2/ptx_HAL_DRV_MCU.o
                0x00009c4a                ptx_HAL_DRV_MCU_WaitForIrq
 .text.R_FSP_SystemClockHzGet
                0x00009c68       0x54 ./src/SRC/COMPS/HAL/DRV/MCU/RA4M2/ptx_HAL_DRV_Timer.o
 .text.ptx_HAL_DRV_Tmr_Init
                0x00009cbc       0x9c ./src/SRC/COMPS/HAL/DRV/MCU/RA4M2/ptx_HAL_DRV_Timer.o
                0x00009cbc                ptx_HAL_DRV_Tmr_Init
 .text.ptx_HAL_DRV_Tmr_DeInit
                0x00009d58       0x56 ./src/SRC/COMPS/HAL/DRV/MCU/RA4M2/ptx_HAL_DRV_Timer.o
                0x00009d58                ptx_HAL_DRV_Tmr_DeInit
 *fill*         0x00009dae        0x2 
 .text.ptx_HAL_DRV_Tmr_Open
                0x00009db0       0x98 ./src/SRC/COMPS/HAL/DRV/MCU/RA4M2/ptx_HAL_DRV_Timer.o
                0x00009db0                ptx_HAL_DRV_Tmr_Open
 .text.ptx_HAL_DRV_Tmr_Close
                0x00009e48       0x50 ./src/SRC/COMPS/HAL/DRV/MCU/RA4M2/ptx_HAL_DRV_Timer.o
                0x00009e48                ptx_HAL_DRV_Tmr_Close
 .text.ptx_HAL_DRV_Tmr_Start
                0x00009e98       0x52 ./src/SRC/COMPS/HAL/DRV/MCU/RA4M2/ptx_HAL_DRV_Timer.o
                0x00009e98                ptx_HAL_DRV_Tmr_Start
 .text.ptx_HAL_DRV_Tmr_Stop
                0x00009eea       0x4a ./src/SRC/COMPS/HAL/DRV/MCU/RA4M2/ptx_HAL_DRV_Timer.o
                0x00009eea                ptx_HAL_DRV_Tmr_Stop
 .text.ptx_HAL_DRV_Tmr_IsElapsed
                0x00009f34       0x44 ./src/SRC/COMPS/HAL/DRV/MCU/RA4M2/ptx_HAL_DRV_Timer.o
                0x00009f34                ptx_HAL_DRV_Tmr_IsElapsed
 .text.ptx_HAL_DRV_Tmr_RegExecCb
                0x00009f78       0x50 ./src/SRC/COMPS/HAL/DRV/MCU/RA4M2/ptx_HAL_DRV_Timer.o
                0x00009f78                ptx_HAL_DRV_Tmr_RegExecCb
 .text.ptx_HAL_DRV_Tmr_Cfg
                0x00009fc8       0xc0 ./src/SRC/COMPS/HAL/DRV/MCU/RA4M2/ptx_HAL_DRV_Timer.o
                0x00009fc8                ptx_HAL_DRV_Tmr_Cfg
 .text.ptx_HAL_DRV_Tmr_Sleep
                0x0000a088       0xb8 ./src/SRC/COMPS/HAL/DRV/MCU/RA4M2/ptx_HAL_DRV_Timer.o
                0x0000a088                ptx_HAL_DRV_Tmr_Sleep
 .text.ptx_HAL_DRV_Tmr_ISR
                0x0000a140       0x5a ./src/SRC/COMPS/HAL/DRV/MCU/RA4M2/ptx_HAL_DRV_Timer.o
                0x0000a140                ptx_HAL_DRV_Tmr_ISR
 .text.ptx_HAL_DRV_Tmr_PeriodSet
                0x0000a19a       0xd6 ./src/SRC/COMPS/HAL/DRV/MCU/RA4M2/ptx_HAL_DRV_Timer.o
 .text.ptx_HAL_DRV_Tmr_ModeSet
                0x0000a270       0x60 ./src/SRC/COMPS/HAL/DRV/MCU/RA4M2/ptx_HAL_DRV_Timer.o
 .text.ptx_HAL_Init
                0x0000a2d0      0x206 ./src/SRC/COMPS/HAL/ptx_HAL.o
                0x0000a2d0                ptx_HAL_Init
 .text.ptx_HAL_DeInit
                0x0000a4d6       0xd8 ./src/SRC/COMPS/HAL/ptx_HAL.o
                0x0000a4d6                ptx_HAL_DeInit
 .text.ptx_HAL_Interface_Open
                0x0000a5ae       0x3c ./src/SRC/COMPS/HAL/ptx_HAL.o
                0x0000a5ae                ptx_HAL_Interface_Open
 .text.ptx_HAL_Interface_Close
                0x0000a5ea       0x3c ./src/SRC/COMPS/HAL/ptx_HAL.o
                0x0000a5ea                ptx_HAL_Interface_Close
 .text.ptx_HAL_Interface_TRx
                0x0000a626       0x52 ./src/SRC/COMPS/HAL/ptx_HAL.o
                0x0000a626                ptx_HAL_Interface_TRx
 .text.ptx_HAL_Interface_RxPending
                0x0000a678       0x44 ./src/SRC/COMPS/HAL/ptx_HAL.o
                0x0000a678                ptx_HAL_Interface_RxPending
 .text.ptx_HAL_GPIO_Open
                0x0000a6bc       0x3c ./src/SRC/COMPS/HAL/ptx_HAL.o
                0x0000a6bc                ptx_HAL_GPIO_Open
 .text.ptx_HAL_GPIO_Close
                0x0000a6f8       0x3c ./src/SRC/COMPS/HAL/ptx_HAL.o
                0x0000a6f8                ptx_HAL_GPIO_Close
 .text.ptx_HAL_GPIO_WritePin
                0x0000a734       0x48 ./src/SRC/COMPS/HAL/ptx_HAL.o
                0x0000a734                ptx_HAL_GPIO_WritePin
 .text.ptx_HAL_EnableIrq
                0x0000a77c       0x2c ./src/SRC/COMPS/HAL/ptx_HAL.o
                0x0000a77c                ptx_HAL_EnableIrq
 .text.ptx_HAL_DisableIrq
                0x0000a7a8       0x2c ./src/SRC/COMPS/HAL/ptx_HAL.o
                0x0000a7a8                ptx_HAL_DisableIrq
 .text.ptx_HAL_WaitForIrq
                0x0000a7d4       0x2c ./src/SRC/COMPS/HAL/ptx_HAL.o
                0x0000a7d4                ptx_HAL_WaitForIrq
 .text.ptx_HAL_Tmr_Open
                0x0000a800       0x6a ./src/SRC/COMPS/HAL/ptx_HAL.o
                0x0000a800                ptx_HAL_Tmr_Open
 .text.ptx_HAL_Tmr_Close
                0x0000a86a       0x6a ./src/SRC/COMPS/HAL/ptx_HAL.o
                0x0000a86a                ptx_HAL_Tmr_Close
 .text.ptx_HAL_Tmr_Start
                0x0000a8d4      0x118 ./src/SRC/COMPS/HAL/ptx_HAL.o
                0x0000a8d4                ptx_HAL_Tmr_Start
 .text.ptx_HAL_Tmr_Stop
                0x0000a9ec       0x6a ./src/SRC/COMPS/HAL/ptx_HAL.o
                0x0000a9ec                ptx_HAL_Tmr_Stop
 .text.ptx_HAL_Tmr_IsElapsed
                0x0000aa56       0x6e ./src/SRC/COMPS/HAL/ptx_HAL.o
                0x0000aa56                ptx_HAL_Tmr_IsElapsed
 .text.ptx_HAL_Sleep
                0x0000aac4       0x4a ./src/SRC/COMPS/HAL/ptx_HAL.o
                0x0000aac4                ptx_HAL_Sleep
 *fill*         0x0000ab0e        0x2 
 .text.ptx_HAL_GPIO_Init
                0x0000ab10       0xc0 ./src/SRC/COMPS/HAL/ptx_HAL_GPIO.o
                0x0000ab10                ptx_HAL_GPIO_Init
 .text.ptx_HAL_GPIO_DeInit
                0x0000abd0       0x38 ./src/SRC/COMPS/HAL/ptx_HAL_GPIO.o
                0x0000abd0                ptx_HAL_GPIO_DeInit
 .text.ptx_HAL_Interface_Init
                0x0000ac08       0xec ./src/SRC/COMPS/HAL/ptx_HAL_Interface.o
                0x0000ac08                ptx_HAL_Interface_Init
 .text.ptx_HAL_Interface_DeInit
                0x0000acf4       0x50 ./src/SRC/COMPS/HAL/ptx_HAL_Interface.o
                0x0000acf4                ptx_HAL_Interface_DeInit
 .text.ptx_HAL_Interface_SPI_Init
                0x0000ad44       0x8e ./src/SRC/COMPS/HAL/ptx_HAL_Interface_SPI.o
                0x0000ad44                ptx_HAL_Interface_SPI_Init
 .text.ptx_HAL_Interface_SPI_DeInit
                0x0000add2       0x32 ./src/SRC/COMPS/HAL/ptx_HAL_Interface_SPI.o
                0x0000add2                ptx_HAL_Interface_SPI_DeInit
 .text.ptx_HAL_Interface_SPI_Open
                0x0000ae04       0x4c ./src/SRC/COMPS/HAL/ptx_HAL_Interface_SPI.o
                0x0000ae04                ptx_HAL_Interface_SPI_Open
 .text.ptx_HAL_Interface_SPI_Close
                0x0000ae50       0x38 ./src/SRC/COMPS/HAL/ptx_HAL_Interface_SPI.o
                0x0000ae50                ptx_HAL_Interface_SPI_Close
 .text.ptx_HAL_Interface_SPI_TRx
                0x0000ae88      0x126 ./src/SRC/COMPS/HAL/ptx_HAL_Interface_SPI.o
                0x0000ae88                ptx_HAL_Interface_SPI_TRx
 .text.ptx_HAL_Interface_SPI_RxPending
                0x0000afae       0x3c ./src/SRC/COMPS/HAL/ptx_HAL_Interface_SPI.o
                0x0000afae                ptx_HAL_Interface_SPI_RxPending
 .text.ptx_HAL_Interface_SPI_SetParameter
                0x0000afea       0x3c ./src/SRC/COMPS/HAL/ptx_HAL_Interface_SPI.o
                0x0000afea                ptx_HAL_Interface_SPI_SetParameter
 .text.ptx_HAL_Interface_SPI_GetParameter
                0x0000b026       0x3c ./src/SRC/COMPS/HAL/ptx_HAL_Interface_SPI.o
                0x0000b026                ptx_HAL_Interface_SPI_GetParameter
 *fill*         0x0000b062        0x2 
 .text.ptx_HAL_Tmr_Init
                0x0000b064       0xc8 ./src/SRC/COMPS/HAL/ptx_HAL_Timer.o
                0x0000b064                ptx_HAL_Tmr_Init
 .text.ptx_HAL_Tmr_DeInit
                0x0000b12c       0x42 ./src/SRC/COMPS/HAL/ptx_HAL_Timer.o
                0x0000b12c                ptx_HAL_Tmr_DeInit
 *fill*         0x0000b16e        0x2 
 .text.ptx_RUL_Init
                0x0000b170       0xe4 ./src/SRC/API/RUL/ptx_RUL.o
                0x0000b170                ptx_RUL_Init
 .text.ptx_RUL_InitHardware
                0x0000b254       0xc0 ./src/SRC/API/RUL/ptx_RUL.o
                0x0000b254                ptx_RUL_InitHardware
 .text.ptx_RUL_DeInit
                0x0000b314       0x9a ./src/SRC/API/RUL/ptx_RUL.o
                0x0000b314                ptx_RUL_DeInit
 *fill*         0x0000b3ae        0x2 
 .text.ptx_RUL_Deactivate
                0x0000b3b0      0x14c ./src/SRC/API/RUL/ptx_RUL.o
                0x0000b3b0                ptx_RUL_Deactivate
 .text.ptx_RUL_GetStatusInfo
                0x0000b4fc      0x100 ./src/SRC/API/RUL/ptx_RUL.o
                0x0000b4fc                ptx_RUL_GetStatusInfo
 .text.ptx_RUL_Exchange
                0x0000b5fc       0x8c ./src/SRC/API/RUL/ptx_RUL.o
                0x0000b5fc                ptx_RUL_Exchange
 .text.ptx_RUL_Sleep
                0x0000b688       0x42 ./src/SRC/API/RUL/ptx_RUL.o
                0x0000b688                ptx_RUL_Sleep
 *fill*         0x0000b6ca        0x2 
 .text.ptx_RUL_GetInfo
                0x0000b6cc      0x1a8 ./src/SRC/API/RUL/ptx_RUL.o
                0x0000b6cc                ptx_RUL_GetInfo
 .text.ptx_RUL_T5T_Isolated_EoF
                0x0000b874       0x62 ./src/SRC/API/RUL/ptx_RUL.o
                0x0000b874                ptx_RUL_T5T_Isolated_EoF
 .text.ptx_RUL_AllocInit
                0x0000b8d6      0x100 ./src/SRC/API/RUL/ptx_RUL.o
 .text.ptx_RUL_AddToCardRegistry
                0x0000b9d6       0xb4 ./src/SRC/API/RUL/ptx_RUL_CardHandler.o
                0x0000b9d6                ptx_RUL_AddToCardRegistry
 .text.ptx_RUL_ClearCardRegistry
                0x0000ba8a       0x62 ./src/SRC/API/RUL/ptx_RUL_CardHandler.o
                0x0000ba8a                ptx_RUL_ClearCardRegistry
 .text.ptx_RUL_DetermineProtocol
                0x0000baec      0x11c ./src/SRC/API/RUL/ptx_RUL_CardHandler.o
                0x0000baec                ptx_RUL_DetermineProtocol
 .text.ptx_RUL_GetCardRegistry
                0x0000bc08       0x3e ./src/SRC/API/RUL/ptx_RUL_CardHandler.o
                0x0000bc08                ptx_RUL_GetCardRegistry
 *fill*         0x0000bc46        0x2 
 .text.ptx_RUL_SelectCard
                0x0000bc48      0x2b8 ./src/SRC/API/RUL/ptx_RUL_CardHandler.o
                0x0000bc48                ptx_RUL_SelectCard
 .text.ptx_RUL_UpdateActiveProtocolParams
                0x0000bf00       0xbe ./src/SRC/API/RUL/ptx_RUL_CardHandler.o
 *fill*         0x0000bfbe        0x2 
 .text.ptx_RUL_IsSameCard
                0x0000bfc0       0xe8 ./src/SRC/API/RUL/ptx_RUL_CardHandler.o
 .text.ptx_RUL_IsCardAlreadyInRegistry
                0x0000c0a8       0x6c ./src/SRC/API/RUL/ptx_RUL_CardHandler.o
 .text.ptx_RUL_ProcessRfDiscoverNtf
                0x0000c114       0xb8 ./src/SRC/API/RUL/ptx_RUL_DataProcessor.o
                0x0000c114                ptx_RUL_ProcessRfDiscoverNtf
 .text.ptx_RUL_ProcessRfLpcdNtf
                0x0000c1cc       0x80 ./src/SRC/API/RUL/ptx_RUL_DataProcessor.o
                0x0000c1cc                ptx_RUL_ProcessRfLpcdNtf
 .text.ptx_RUL_ProcessResetNtf
                0x0000c24c       0xe2 ./src/SRC/API/RUL/ptx_RUL_DataProcessor.o
                0x0000c24c                ptx_RUL_ProcessResetNtf
 .text.ptx_RUL_ProcessRfActivateNtf
                0x0000c32e       0xf6 ./src/SRC/API/RUL/ptx_RUL_DataProcessor.o
                0x0000c32e                ptx_RUL_ProcessRfActivateNtf
 .text.ptx_RUL_ProcessRfDeactivateNtf
                0x0000c424       0xf6 ./src/SRC/API/RUL/ptx_RUL_DataProcessor.o
                0x0000c424                ptx_RUL_ProcessRfDeactivateNtf
 *fill*         0x0000c51a        0x2 
 .text.ptx_RUL_ProcessErrorNtf
                0x0000c51c      0x214 ./src/SRC/API/RUL/ptx_RUL_DataProcessor.o
                0x0000c51c                ptx_RUL_ProcessErrorNtf
 .text.ptx_RUL_ProcessRfFieldNtf
                0x0000c730       0xa8 ./src/SRC/API/RUL/ptx_RUL_DataProcessor.o
                0x0000c730                ptx_RUL_ProcessRfFieldNtf
 .text.ptx_RUL_ProcessWlcWptStopNtf
                0x0000c7d8       0x62 ./src/SRC/API/RUL/ptx_RUL_DataProcessor.o
                0x0000c7d8                ptx_RUL_ProcessWlcWptStopNtf
 .text.ptx_RUL_ProcessDataMsg
                0x0000c83a       0x56 ./src/SRC/API/RUL/ptx_RUL_DataProcessor.o
                0x0000c83a                ptx_RUL_ProcessDataMsg
 .text.ptx_RUL_SetEmvCollision
                0x0000c890       0x64 ./src/SRC/API/RUL/ptx_RUL_DataProcessor.o
 .text.ptx_RUL_ReaderProcessRfDiscoverNtf
                0x0000c8f4      0x180 ./src/SRC/API/RUL/ptx_RUL_DataProcessor.o
 .text.ptx_RUL_ReaderProcessRfActivateNtf
                0x0000ca74      0x490 ./src/SRC/API/RUL/ptx_RUL_DataProcessor.o
 .text.ptx_RUL_SetActiveMode
                0x0000cf04      0x108 ./src/SRC/API/RUL/ptx_RUL_DataProcessor.o
 .text.ptx_RUL_SetIdleMode
                0x0000d00c       0x44 ./src/SRC/API/RUL/ptx_RUL_DataProcessor.o
 .text.ptx_RUL_InitiateDiscovery
                0x0000d050      0x61e ./src/SRC/API/RUL/ptx_RUL_Discovery.o
                0x0000d050                ptx_RUL_InitiateDiscovery
 .text.ptx_RUL_CopyDiscoverParameter
                0x0000d66e      0x3c4 ./src/SRC/API/RUL/ptx_RUL_Discovery.o
 .text.ptx_NDEF_T5T_Open
                0x0000da32       0xe6 ./src/SRC/API/NDEF/TAG_TYPES/NDEF_T5T/ptx_NDEF_T5T.o
                0x0000da32                ptx_NDEF_T5T_Open
 .text.ptx_NDEF_T5T_CheckMessage
                0x0000db18       0xa0 ./src/SRC/API/NDEF/TAG_TYPES/NDEF_T5T/ptx_NDEF_T5T.o
                0x0000db18                ptx_NDEF_T5T_CheckMessage
 .text.ptx_NDEF_T5T_ReadMessage
                0x0000dbb8      0x104 ./src/SRC/API/NDEF/TAG_TYPES/NDEF_T5T/ptx_NDEF_T5T.o
                0x0000dbb8                ptx_NDEF_T5T_ReadMessage
 .text.ptx_NDEF_T5T_Close
                0x0000dcbc       0x32 ./src/SRC/API/NDEF/TAG_TYPES/NDEF_T5T/ptx_NDEF_T5T.o
                0x0000dcbc                ptx_NDEF_T5T_Close
 *fill*         0x0000dcee        0x2 
 .text.ptx_NDEF_T5TGetCCInfo
                0x0000dcf0      0x254 ./src/SRC/API/NDEF/TAG_TYPES/NDEF_T5T/ptx_NDEF_T5T.o
 .text.ptx_NDEF_T5T_HandleCCInfo
                0x0000df44      0x198 ./src/SRC/API/NDEF/TAG_TYPES/NDEF_T5T/ptx_NDEF_T5T.o
 .text.ptx_NDEF_T5T_ReadBlock
                0x0000e0dc       0xa2 ./src/SRC/API/NDEF/TAG_TYPES/NDEF_T5T/ptx_NDEF_T5T.o
 .text.ptx_NDEF_T5TReadNDEFSingleBlocks
                0x0000e17e      0x19a ./src/SRC/API/NDEF/TAG_TYPES/NDEF_T5T/ptx_NDEF_T5T.o
 .text.ptx_NDEF_T5TReadNDEFMultipleBlocks
                0x0000e318      0x206 ./src/SRC/API/NDEF/TAG_TYPES/NDEF_T5T/ptx_NDEF_T5T.o
 .text.ptx_NDEF_T5T_ParseTLV
                0x0000e51e      0x2a2 ./src/SRC/API/NDEF/TAG_TYPES/NDEF_T5T/ptx_NDEF_T5T.o
 .text.ptx_NDEF_T5T_SetMTU
                0x0000e7c0       0x58 ./src/SRC/API/NDEF/TAG_TYPES/NDEF_T5T/ptx_NDEF_T5T.o
 .text.ptx_NDEF_T4T_Open
                0x0000e818       0xa0 ./src/SRC/API/NDEF/TAG_TYPES/NDEF_T4T/ptx_NDEF_T4T.o
                0x0000e818                ptx_NDEF_T4T_Open
 .text.ptx_NDEF_T4T_CheckMessage
                0x0000e8b8       0x86 ./src/SRC/API/NDEF/TAG_TYPES/NDEF_T4T/ptx_NDEF_T4T.o
                0x0000e8b8                ptx_NDEF_T4T_CheckMessage
 .text.ptx_NDEF_T4T_ReadMessage
                0x0000e93e       0x9a ./src/SRC/API/NDEF/TAG_TYPES/NDEF_T4T/ptx_NDEF_T4T.o
                0x0000e93e                ptx_NDEF_T4T_ReadMessage
 .text.ptx_NDEF_T4T_Close
                0x0000e9d8       0x32 ./src/SRC/API/NDEF/TAG_TYPES/NDEF_T4T/ptx_NDEF_T4T.o
                0x0000e9d8                ptx_NDEF_T4T_Close
 .text.ptx_NDEF_T4T_CheckSelectResponse
                0x0000ea0a       0xd4 ./src/SRC/API/NDEF/TAG_TYPES/NDEF_T4T/ptx_NDEF_T4T.o
 .text.ptx_NDEF_T4T_ReadBinary
                0x0000eade      0x164 ./src/SRC/API/NDEF/TAG_TYPES/NDEF_T4T/ptx_NDEF_T4T.o
 .text.ptx_NDEF_T4T_GetCCInfo
                0x0000ec42      0x116 ./src/SRC/API/NDEF/TAG_TYPES/NDEF_T4T/ptx_NDEF_T4T.o
 .text.ptx_NDEF_T4T_HandleCCInfo
                0x0000ed58      0x1d4 ./src/SRC/API/NDEF/TAG_TYPES/NDEF_T4T/ptx_NDEF_T4T.o
 .text.ptx_NDEF_T4T_GetNLEN
                0x0000ef2c      0x17e ./src/SRC/API/NDEF/TAG_TYPES/NDEF_T4T/ptx_NDEF_T4T.o
 .text.ptx_NDEF_T4T_ReadFileContent
                0x0000f0aa      0x172 ./src/SRC/API/NDEF/TAG_TYPES/NDEF_T4T/ptx_NDEF_T4T.o
 .text.ptx_NDEF_T3T_Open
                0x0000f21c      0x11a ./src/SRC/API/NDEF/TAG_TYPES/NDEF_T3T/ptx_NDEF_T3T.o
                0x0000f21c                ptx_NDEF_T3T_Open
 .text.ptx_NDEF_T3T_CheckMessage
                0x0000f336       0xa4 ./src/SRC/API/NDEF/TAG_TYPES/NDEF_T3T/ptx_NDEF_T3T.o
                0x0000f336                ptx_NDEF_T3T_CheckMessage
 .text.ptx_NDEF_T3T_ReadMessage
                0x0000f3da       0xdc ./src/SRC/API/NDEF/TAG_TYPES/NDEF_T3T/ptx_NDEF_T3T.o
                0x0000f3da                ptx_NDEF_T3T_ReadMessage
 .text.ptx_NDEF_T3T_Close
                0x0000f4b6       0x32 ./src/SRC/API/NDEF/TAG_TYPES/NDEF_T3T/ptx_NDEF_T3T.o
                0x0000f4b6                ptx_NDEF_T3T_Close
 .text.ptx_NDEF_T3T_Check
                0x0000f4e8       0xee ./src/SRC/API/NDEF/TAG_TYPES/NDEF_T3T/ptx_NDEF_T3T.o
 .text.ptx_NDEF_T3T_ReadLoop
                0x0000f5d6      0x1d4 ./src/SRC/API/NDEF/TAG_TYPES/NDEF_T3T/ptx_NDEF_T3T.o
 .text.ptx_NDEF_T3T_CalculateChecksum
                0x0000f7aa       0x82 ./src/SRC/API/NDEF/TAG_TYPES/NDEF_T3T/ptx_NDEF_T3T.o
 .text.ptx_NDEF_T3T_GetAttributeInformationBlock
                0x0000f82c      0x206 ./src/SRC/API/NDEF/TAG_TYPES/NDEF_T3T/ptx_NDEF_T3T.o
 .text.ptx_NDEF_T3T_GenerateBlockList
                0x0000fa32      0x138 ./src/SRC/API/NDEF/TAG_TYPES/NDEF_T3T/ptx_NDEF_T3T.o
 .text.ptx_NDEF_T2T_Open
                0x0000fb6a       0xbe ./src/SRC/API/NDEF/TAG_TYPES/NDEF_T2T/ptx_NDEF_T2T.o
                0x0000fb6a                ptx_NDEF_T2T_Open
 .text.ptx_NDEF_T2T_CheckMessage
                0x0000fc28      0x156 ./src/SRC/API/NDEF/TAG_TYPES/NDEF_T2T/ptx_NDEF_T2T.o
                0x0000fc28                ptx_NDEF_T2T_CheckMessage
 .text.ptx_NDEF_T2T_ReadMessage
                0x0000fd7e       0xa2 ./src/SRC/API/NDEF/TAG_TYPES/NDEF_T2T/ptx_NDEF_T2T.o
                0x0000fd7e                ptx_NDEF_T2T_ReadMessage
 .text.ptx_NDEF_T2T_Close
                0x0000fe20       0x32 ./src/SRC/API/NDEF/TAG_TYPES/NDEF_T2T/ptx_NDEF_T2T.o
                0x0000fe20                ptx_NDEF_T2T_Close
 .text.ptx_NDEF_T2T_GetCCInfo
                0x0000fe52      0x140 ./src/SRC/API/NDEF/TAG_TYPES/NDEF_T2T/ptx_NDEF_T2T.o
 .text.ptx_NDEF_T2T_HandleCCInfo
                0x0000ff92       0xa8 ./src/SRC/API/NDEF/TAG_TYPES/NDEF_T2T/ptx_NDEF_T2T.o
 .text.ptx_NDEF_T2T_ReadBlocks
                0x0001003a       0x7a ./src/SRC/API/NDEF/TAG_TYPES/NDEF_T2T/ptx_NDEF_T2T.o
 .text.ptx_NDEF_T2T_SectorSelect
                0x000100b4       0x70 ./src/SRC/API/NDEF/TAG_TYPES/NDEF_T2T/ptx_NDEF_T2T.o
 .text.ptx_NDEF_T2T_ReadNDEFTLVs
                0x00010124      0x1ba ./src/SRC/API/NDEF/TAG_TYPES/NDEF_T2T/ptx_NDEF_T2T.o
 .text.ptx_NDEF_T2T_ReadLoop
                0x000102de      0x308 ./src/SRC/API/NDEF/TAG_TYPES/NDEF_T2T/ptx_NDEF_T2T.o
 .text.ptx_NDEF_T2T_TLVAreaCrawler
                0x000105e6      0x1be ./src/SRC/API/NDEF/TAG_TYPES/NDEF_T2T/ptx_NDEF_T2T.o
 .text.ptx_NDEF_T2T_IdentifyTLV
                0x000107a4      0x4de ./src/SRC/API/NDEF/TAG_TYPES/NDEF_T2T/ptx_NDEF_T2T.o
 .text.ptx_NDEF_T2T_NDEFTLV_Handler
                0x00010c82      0x5a8 ./src/SRC/API/NDEF/TAG_TYPES/NDEF_T2T/ptx_NDEF_T2T.o
 .text.ptx_NDEF_T2T_AreaChecker
                0x0001122a      0x150 ./src/SRC/API/NDEF/TAG_TYPES/NDEF_T2T/ptx_NDEF_T2T.o
 *fill*         0x0001137a        0x2 
 .text.ptx_NDEF_Open
                0x0001137c      0x2c0 ./src/SRC/API/NDEF/GENERIC/ptx_NDEF.o
                0x0001137c                ptx_NDEF_Open
 .text.ptx_NDEF_Close
                0x0001163c       0x90 ./src/SRC/API/NDEF/GENERIC/ptx_NDEF.o
                0x0001163c                ptx_NDEF_Close
 .text.ptx_NDEF_CheckMessage
                0x000116cc       0x90 ./src/SRC/API/NDEF/GENERIC/ptx_NDEF.o
                0x000116cc                ptx_NDEF_CheckMessage
 .text.ptx_NDEF_ReadMessage
                0x0001175c       0xa4 ./src/SRC/API/NDEF/GENERIC/ptx_NDEF.o
                0x0001175c                ptx_NDEF_ReadMessage
 .text.ptx_NativeTag_T5T_Open
                0x00011800       0xb6 ./src/SRC/API/NATIVE_TAG/T5T/ptx_NativeTag_T5T.o
                0x00011800                ptx_NativeTag_T5T_Open
 .text.ptx_NativeTag_T5T_ReadSingleBlock
                0x000118b6       0x86 ./src/SRC/API/NATIVE_TAG/T5T/ptx_NativeTag_T5T.o
                0x000118b6                ptx_NativeTag_T5T_ReadSingleBlock
 .text.ptx_NativeTag_T5T_ReadMultipleBlock
                0x0001193c       0xa0 ./src/SRC/API/NATIVE_TAG/T5T/ptx_NativeTag_T5T.o
                0x0001193c                ptx_NativeTag_T5T_ReadMultipleBlock
 .text.ptx_NativeTag_T5T_ExtReadSingleBlock
                0x000119dc       0xa0 ./src/SRC/API/NATIVE_TAG/T5T/ptx_NativeTag_T5T.o
                0x000119dc                ptx_NativeTag_T5T_ExtReadSingleBlock
 .text.ptx_NativeTag_T5T_ExtReadMultipleBlock
                0x00011a7c       0xd4 ./src/SRC/API/NATIVE_TAG/T5T/ptx_NativeTag_T5T.o
                0x00011a7c                ptx_NativeTag_T5T_ExtReadMultipleBlock
 .text.ptx_NativeTag_T5T_SetUID
                0x00011b50       0x9c ./src/SRC/API/NATIVE_TAG/T5T/ptx_NativeTag_T5T.o
                0x00011b50                ptx_NativeTag_T5T_SetUID
 .text.ptx_NativeTag_T5T_Close
                0x00011bec       0x38 ./src/SRC/API/NATIVE_TAG/T5T/ptx_NativeTag_T5T.o
                0x00011bec                ptx_NativeTag_T5T_Close
 .text.ptx_NativeTag_T5T_SetCommandHeader
                0x00011c24       0xfc ./src/SRC/API/NATIVE_TAG/T5T/ptx_NativeTag_T5T.o
 .text.ptx_NativeTag_T5T_IsolatedEoF
                0x00011d20       0x48 ./src/SRC/API/NATIVE_TAG/T5T/ptx_NativeTag_T5T.o
 .text.ptx_NativeTag_T5T_Transceive
                0x00011d68      0x100 ./src/SRC/API/NATIVE_TAG/T5T/ptx_NativeTag_T5T.o
 .text.ptx_NativeTag_T4T_Open
                0x00011e68       0x60 ./src/SRC/API/NATIVE_TAG/T4T/ptx_NativeTag_T4T.o
                0x00011e68                ptx_NativeTag_T4T_Open
 .text.ptx_NativeTag_T4T_Select_File
                0x00011ec8       0x6c ./src/SRC/API/NATIVE_TAG/T4T/ptx_NativeTag_T4T.o
                0x00011ec8                ptx_NativeTag_T4T_Select_File
 .text.ptx_NativeTag_T4T_Select_NDEF_Application
                0x00011f34       0x84 ./src/SRC/API/NATIVE_TAG/T4T/ptx_NativeTag_T4T.o
                0x00011f34                ptx_NativeTag_T4T_Select_NDEF_Application
 .text.ptx_NativeTag_T4T_Select
                0x00011fb8      0x23a ./src/SRC/API/NATIVE_TAG/T4T/ptx_NativeTag_T4T.o
                0x00011fb8                ptx_NativeTag_T4T_Select
 .text.ptx_NativeTag_T4T_ReadBinary
                0x000121f2       0xaa ./src/SRC/API/NATIVE_TAG/T4T/ptx_NativeTag_T4T.o
                0x000121f2                ptx_NativeTag_T4T_ReadBinary
 .text.ptx_NativeTag_T4T_ReadBinaryODO
                0x0001229c       0xc2 ./src/SRC/API/NATIVE_TAG/T4T/ptx_NativeTag_T4T.o
                0x0001229c                ptx_NativeTag_T4T_ReadBinaryODO
 .text.ptx_NativeTag_T4T_Close
                0x0001235e       0x32 ./src/SRC/API/NATIVE_TAG/T4T/ptx_NativeTag_T4T.o
                0x0001235e                ptx_NativeTag_T4T_Close
 .text.ptx_NativeTag_T4T_SetCommandAPDU
                0x00012390       0xb2 ./src/SRC/API/NATIVE_TAG/T4T/ptx_NativeTag_T4T.o
 .text.ptx_NativeTag_T4T_SetODOCommandAPDU
                0x00012442       0xae ./src/SRC/API/NATIVE_TAG/T4T/ptx_NativeTag_T4T.o
 .text.ptx_NativeTag_T4T_ParsePayload
                0x000124f0      0x16c ./src/SRC/API/NATIVE_TAG/T4T/ptx_NativeTag_T4T.o
 .text.ptx_NativeTag_T4T_SetMTU
                0x0001265c       0x3a ./src/SRC/API/NATIVE_TAG/T4T/ptx_NativeTag_T4T.o
 .text.ptx_NativeTag_T4T_Transceive
                0x00012696       0x5e ./src/SRC/API/NATIVE_TAG/T4T/ptx_NativeTag_T4T.o
 .text.ptx_NativeTag_T3T_Open
                0x000126f4       0xa0 ./src/SRC/API/NATIVE_TAG/T3T/ptx_NativeTag_T3T.o
                0x000126f4                ptx_NativeTag_T3T_Open
 .text.ptx_NativeTag_T3T_SetTagParams
                0x00012794      0x17a ./src/SRC/API/NATIVE_TAG/T3T/ptx_NativeTag_T3T.o
                0x00012794                ptx_NativeTag_T3T_SetTagParams
 .text.ptx_NativeTag_T3T_Check
                0x0001290e       0xa6 ./src/SRC/API/NATIVE_TAG/T3T/ptx_NativeTag_T3T.o
                0x0001290e                ptx_NativeTag_T3T_Check
 .text.ptx_NativeTag_T3T_Close
                0x000129b4       0x32 ./src/SRC/API/NATIVE_TAG/T3T/ptx_NativeTag_T3T.o
                0x000129b4                ptx_NativeTag_T3T_Close
 .text.ptx_NativeTag_T3T_Transceive
                0x000129e6       0x70 ./src/SRC/API/NATIVE_TAG/T3T/ptx_NativeTag_T3T.o
 .text.ptx_NativeTag_T3T_SetCommandHeader
                0x00012a56       0xf2 ./src/SRC/API/NATIVE_TAG/T3T/ptx_NativeTag_T3T.o
 .text.ptx_NativeTag_T2T_Open
                0x00012b48       0x66 ./src/SRC/API/NATIVE_TAG/T2T/ptx_NativeTag_T2T.o
                0x00012b48                ptx_NativeTag_T2T_Open
 .text.ptx_NativeTag_T2T_Read
                0x00012bae       0x68 ./src/SRC/API/NATIVE_TAG/T2T/ptx_NativeTag_T2T.o
                0x00012bae                ptx_NativeTag_T2T_Read
 .text.ptx_NativeTag_T2T_SectorSelect
                0x00012c16      0x124 ./src/SRC/API/NATIVE_TAG/T2T/ptx_NativeTag_T2T.o
                0x00012c16                ptx_NativeTag_T2T_SectorSelect
 .text.ptx_NativeTag_T2T_Close
                0x00012d3a       0x38 ./src/SRC/API/NATIVE_TAG/T2T/ptx_NativeTag_T2T.o
                0x00012d3a                ptx_NativeTag_T2T_Close
 .text.ptx_NativeTag_T2T_SetCommandHeader
                0x00012d72       0x6a ./src/SRC/API/NATIVE_TAG/T2T/ptx_NativeTag_T2T.o
 .text.ptx_NativeTag_T2T_Transceive
                0x00012ddc       0x6a ./src/SRC/API/NATIVE_TAG/T2T/ptx_NativeTag_T2T.o
 .text.hal_entry
                0x00012e46        0xc ./src/hal_entry.o
                0x00012e46                hal_entry
 *fill*         0x00012e52        0x2 
 .text.R_BSP_WarmStart
                0x00012e54       0x28 ./src/hal_entry.o
                0x00012e54                R_BSP_WarmStart
 .text.main     0x00012e7c        0xe ./ra_gen/main.o
                0x00012e7c                main
 .text.R_FSP_CurrentIrqGet
                0x00012e8a       0x2c ./ra/fsp/src/r_sci_uart/r_sci_uart.o
 *fill*         0x00012eb6        0x2 
 .text.R_FSP_IsrContextGet
                0x00012eb8       0x24 ./ra/fsp/src/r_sci_uart/r_sci_uart.o
 .text.R_BSP_IrqStatusClear
                0x00012edc       0x3c ./ra/fsp/src/r_sci_uart/r_sci_uart.o
 .text.R_BSP_PinWrite
                0x00012f18       0x68 ./ra/fsp/src/r_sci_uart/r_sci_uart.o
 .text.R_BSP_PinAccessEnable
                0x00012f80       0x60 ./ra/fsp/src/r_sci_uart/r_sci_uart.o
 .text.R_BSP_PinAccessDisable
                0x00012fe0       0x68 ./ra/fsp/src/r_sci_uart/r_sci_uart.o
 .text.r_sci_negate_de_pin
                0x00013048       0x14 ./ra/fsp/src/r_sci_uart/r_sci_uart.o
 .text.r_sci_uart_call_callback
                0x0001305c       0x76 ./ra/fsp/src/r_sci_uart/r_sci_uart.o
 .text.sci_uart_txi_isr
                0x000130d2       0xd8 ./ra/fsp/src/r_sci_uart/r_sci_uart.o
                0x000130d2                sci_uart_txi_isr
 .text.sci_uart_rxi_isr
                0x000131aa      0x104 ./ra/fsp/src/r_sci_uart/r_sci_uart.o
                0x000131aa                sci_uart_rxi_isr
 .text.sci_uart_tei_isr
                0x000132ae       0x58 ./ra/fsp/src/r_sci_uart/r_sci_uart.o
                0x000132ae                sci_uart_tei_isr
 .text.sci_uart_eri_isr
                0x00013306       0xb6 ./ra/fsp/src/r_sci_uart/r_sci_uart.o
                0x00013306                sci_uart_eri_isr
 .text.R_FSP_CurrentIrqGet
                0x000133bc       0x2c ./ra/fsp/src/r_sci_spi/r_sci_spi.o
 .text.R_FSP_SystemClockHzGet
                0x000133e8       0x54 ./ra/fsp/src/r_sci_spi/r_sci_spi.o
 .text.R_FSP_IsrContextSet
                0x0001343c       0x28 ./ra/fsp/src/r_sci_spi/r_sci_spi.o
 .text.R_FSP_IsrContextGet
                0x00013464       0x24 ./ra/fsp/src/r_sci_spi/r_sci_spi.o
 .text.R_BSP_IrqStatusClear
                0x00013488       0x3c ./ra/fsp/src/r_sci_spi/r_sci_spi.o
 .text.R_BSP_IrqClearPending
                0x000134c4       0x48 ./ra/fsp/src/r_sci_spi/r_sci_spi.o
 .text.R_BSP_IrqCfg
                0x0001350c       0x3c ./ra/fsp/src/r_sci_spi/r_sci_spi.o
 .text.R_BSP_IrqEnableNoClear
                0x00013548       0x38 ./ra/fsp/src/r_sci_spi/r_sci_spi.o
 .text.R_BSP_IrqEnable
                0x00013580       0x26 ./ra/fsp/src/r_sci_spi/r_sci_spi.o
 *fill*         0x000135a6        0x2 
 .text.R_BSP_IrqDisable
                0x000135a8       0x48 ./ra/fsp/src/r_sci_spi/r_sci_spi.o
 .text.R_BSP_IrqCfgEnable
                0x000135f0       0x2e ./ra/fsp/src/r_sci_spi/r_sci_spi.o
 *fill*         0x0001361e        0x2 
 .text.R_SCI_SPI_Open
                0x00013620       0xb8 ./ra/fsp/src/r_sci_spi/r_sci_spi.o
                0x00013620                R_SCI_SPI_Open
 .text.R_SCI_SPI_Read
                0x000136d8       0x28 ./ra/fsp/src/r_sci_spi/r_sci_spi.o
                0x000136d8                R_SCI_SPI_Read
 .text.R_SCI_SPI_Write
                0x00013700       0x28 ./ra/fsp/src/r_sci_spi/r_sci_spi.o
                0x00013700                R_SCI_SPI_Write
 .text.R_SCI_SPI_WriteRead
                0x00013728       0x28 ./ra/fsp/src/r_sci_spi/r_sci_spi.o
                0x00013728                R_SCI_SPI_WriteRead
 .text.R_SCI_SPI_CallbackSet
                0x00013750       0x32 ./ra/fsp/src/r_sci_spi/r_sci_spi.o
                0x00013750                R_SCI_SPI_CallbackSet
 *fill*         0x00013782        0x2 
 .text.R_SCI_SPI_Close
                0x00013784       0xe4 ./ra/fsp/src/r_sci_spi/r_sci_spi.o
                0x00013784                R_SCI_SPI_Close
 .text.R_SCI_SPI_CalculateBitrate
                0x00013868      0x12e ./ra/fsp/src/r_sci_spi/r_sci_spi.o
                0x00013868                R_SCI_SPI_CalculateBitrate
 *fill*         0x00013996        0x2 
 .text.r_sci_spi_hw_config
                0x00013998      0x1a8 ./ra/fsp/src/r_sci_spi/r_sci_spi.o
 .text.r_sci_spi_transfer_config
                0x00013b40       0xc2 ./ra/fsp/src/r_sci_spi/r_sci_spi.o
 *fill*         0x00013c02        0x2 
 .text.r_sci_spi_write_read_common
                0x00013c04      0x110 ./ra/fsp/src/r_sci_spi/r_sci_spi.o
 .text.r_sci_spi_start_transfer
                0x00013d14       0xb4 ./ra/fsp/src/r_sci_spi/r_sci_spi.o
 .text.r_sci_spi_transmit
                0x00013dc8       0x4e ./ra/fsp/src/r_sci_spi/r_sci_spi.o
 .text.r_sci_spi_call_callback
                0x00013e16       0x70 ./ra/fsp/src/r_sci_spi/r_sci_spi.o
 .text.sci_spi_txi_isr
                0x00013e86       0x60 ./ra/fsp/src/r_sci_spi/r_sci_spi.o
                0x00013e86                sci_spi_txi_isr
 .text.sci_spi_rxi_isr
                0x00013ee6       0x7e ./ra/fsp/src/r_sci_spi/r_sci_spi.o
                0x00013ee6                sci_spi_rxi_isr
 .text.sci_spi_tei_isr
                0x00013f64       0x48 ./ra/fsp/src/r_sci_spi/r_sci_spi.o
                0x00013f64                sci_spi_tei_isr
 .text.sci_spi_eri_isr
                0x00013fac       0x56 ./ra/fsp/src/r_sci_spi/r_sci_spi.o
                0x00013fac                sci_spi_eri_isr
 *fill*         0x00014002        0x2 
 .text.R_BSP_PinRead
                0x00014004       0x38 ./ra/fsp/src/r_ioport/r_ioport.o
 .text.R_BSP_PinAccessEnable
                0x0001403c       0x60 ./ra/fsp/src/r_ioport/r_ioport.o
 .text.R_BSP_PinAccessDisable
                0x0001409c       0x68 ./ra/fsp/src/r_ioport/r_ioport.o
 .text.R_IOPORT_Open
                0x00014104       0x28 ./ra/fsp/src/r_ioport/r_ioport.o
                0x00014104                R_IOPORT_Open
 .text.R_IOPORT_Close
                0x0001412c       0x20 ./ra/fsp/src/r_ioport/r_ioport.o
                0x0001412c                R_IOPORT_Close
 .text.R_IOPORT_PinsCfg
                0x0001414c       0x1a ./ra/fsp/src/r_ioport/r_ioport.o
                0x0001414c                R_IOPORT_PinsCfg
 .text.R_IOPORT_PinCfg
                0x00014166       0x46 ./ra/fsp/src/r_ioport/r_ioport.o
                0x00014166                R_IOPORT_PinCfg
 .text.R_IOPORT_PinRead
                0x000141ac       0x28 ./ra/fsp/src/r_ioport/r_ioport.o
                0x000141ac                R_IOPORT_PinRead
 .text.R_IOPORT_PortRead
                0x000141d4       0x3a ./ra/fsp/src/r_ioport/r_ioport.o
                0x000141d4                R_IOPORT_PortRead
 .text.R_IOPORT_PortWrite
                0x0001420e       0x62 ./ra/fsp/src/r_ioport/r_ioport.o
                0x0001420e                R_IOPORT_PortWrite
 .text.R_IOPORT_PinWrite
                0x00014270       0x6e ./ra/fsp/src/r_ioport/r_ioport.o
                0x00014270                R_IOPORT_PinWrite
 .text.R_IOPORT_PortDirectionSet
                0x000142de       0x72 ./ra/fsp/src/r_ioport/r_ioport.o
                0x000142de                R_IOPORT_PortDirectionSet
 .text.R_IOPORT_PortEventInputRead
                0x00014350       0x3e ./ra/fsp/src/r_ioport/r_ioport.o
                0x00014350                R_IOPORT_PortEventInputRead
 .text.R_IOPORT_PinEventInputRead
                0x0001438e       0x62 ./ra/fsp/src/r_ioport/r_ioport.o
                0x0001438e                R_IOPORT_PinEventInputRead
 .text.R_IOPORT_PortEventOutputWrite
                0x000143f0       0x62 ./ra/fsp/src/r_ioport/r_ioport.o
                0x000143f0                R_IOPORT_PortEventOutputWrite
 .text.R_IOPORT_PinEventOutputWrite
                0x00014452       0x30 ./ra/fsp/src/r_ioport/r_ioport.o
                0x00014452                R_IOPORT_PinEventOutputWrite
 .text.r_ioport_pins_config
                0x00014482       0x56 ./ra/fsp/src/r_ioport/r_ioport.o
 .text.r_ioport_hw_pin_event_output_data_write
                0x000144d8       0x78 ./ra/fsp/src/r_ioport/r_ioport.o
 .text.r_ioport_pfs_write
                0x00014550       0x78 ./ra/fsp/src/r_ioport/r_ioport.o
 .text.bsp_vbatt_init
                0x000145c8       0xe4 ./ra/fsp/src/r_ioport/r_ioport.o
 .text.R_FSP_CurrentIrqGet
                0x000146ac       0x2c ./ra/fsp/src/r_icu/r_icu.o
 .text.R_FSP_IsrContextSet
                0x000146d8       0x28 ./ra/fsp/src/r_icu/r_icu.o
 .text.R_FSP_IsrContextGet
                0x00014700       0x24 ./ra/fsp/src/r_icu/r_icu.o
 .text.R_BSP_IrqStatusClear
                0x00014724       0x3c ./ra/fsp/src/r_icu/r_icu.o
 .text.R_BSP_IrqClearPending
                0x00014760       0x48 ./ra/fsp/src/r_icu/r_icu.o
 .text.R_BSP_IrqCfg
                0x000147a8       0x3c ./ra/fsp/src/r_icu/r_icu.o
 .text.R_BSP_IrqEnableNoClear
                0x000147e4       0x38 ./ra/fsp/src/r_icu/r_icu.o
 .text.R_BSP_IrqEnable
                0x0001481c       0x26 ./ra/fsp/src/r_icu/r_icu.o
 *fill*         0x00014842        0x2 
 .text.R_BSP_IrqDisable
                0x00014844       0x48 ./ra/fsp/src/r_icu/r_icu.o
 .text.R_ICU_ExternalIrqOpen
                0x0001488c       0xd4 ./ra/fsp/src/r_icu/r_icu.o
                0x0001488c                R_ICU_ExternalIrqOpen
 .text.R_ICU_ExternalIrqEnable
                0x00014960       0x22 ./ra/fsp/src/r_icu/r_icu.o
                0x00014960                R_ICU_ExternalIrqEnable
 .text.R_ICU_ExternalIrqDisable
                0x00014982       0x22 ./ra/fsp/src/r_icu/r_icu.o
                0x00014982                R_ICU_ExternalIrqDisable
 .text.R_ICU_ExternalIrqCallbackSet
                0x000149a4       0x2c ./ra/fsp/src/r_icu/r_icu.o
                0x000149a4                R_ICU_ExternalIrqCallbackSet
 .text.R_ICU_ExternalIrqClose
                0x000149d0       0x40 ./ra/fsp/src/r_icu/r_icu.o
                0x000149d0                R_ICU_ExternalIrqClose
 .text.r_icu_isr
                0x00014a10       0x88 ./ra/fsp/src/r_icu/r_icu.o
                0x00014a10                r_icu_isr
 .text.R_FSP_CurrentIrqGet
                0x00014a98       0x2c ./ra/fsp/src/r_gpt/r_gpt.o
 .text.R_FSP_SystemClockHzGet
                0x00014ac4       0x54 ./ra/fsp/src/r_gpt/r_gpt.o
 .text.R_FSP_IsrContextSet
                0x00014b18       0x28 ./ra/fsp/src/r_gpt/r_gpt.o
 .text.R_FSP_IsrContextGet
                0x00014b40       0x24 ./ra/fsp/src/r_gpt/r_gpt.o
 .text.R_BSP_IrqStatusClear
                0x00014b64       0x3c ./ra/fsp/src/r_gpt/r_gpt.o
 .text.R_BSP_IrqClearPending
                0x00014ba0       0x48 ./ra/fsp/src/r_gpt/r_gpt.o
 .text.R_BSP_IrqCfg
                0x00014be8       0x3c ./ra/fsp/src/r_gpt/r_gpt.o
 .text.R_BSP_IrqEnableNoClear
                0x00014c24       0x38 ./ra/fsp/src/r_gpt/r_gpt.o
 .text.R_BSP_IrqEnable
                0x00014c5c       0x26 ./ra/fsp/src/r_gpt/r_gpt.o
 *fill*         0x00014c82        0x2 
 .text.R_BSP_IrqDisable
                0x00014c84       0x48 ./ra/fsp/src/r_gpt/r_gpt.o
 .text.R_BSP_IrqCfgEnable
                0x00014ccc       0x2e ./ra/fsp/src/r_gpt/r_gpt.o
 *fill*         0x00014cfa        0x2 
 .text.R_GPT_Open
                0x00014cfc       0x44 ./ra/fsp/src/r_gpt/r_gpt.o
                0x00014cfc                R_GPT_Open
 .text.R_GPT_Stop
                0x00014d40       0x24 ./ra/fsp/src/r_gpt/r_gpt.o
                0x00014d40                R_GPT_Stop
 .text.R_GPT_Start
                0x00014d64       0x24 ./ra/fsp/src/r_gpt/r_gpt.o
                0x00014d64                R_GPT_Start
 .text.R_GPT_Reset
                0x00014d88       0x24 ./ra/fsp/src/r_gpt/r_gpt.o
                0x00014d88                R_GPT_Reset
 .text.R_GPT_Enable
                0x00014dac       0x90 ./ra/fsp/src/r_gpt/r_gpt.o
                0x00014dac                R_GPT_Enable
 .text.R_GPT_Disable
                0x00014e3c       0x32 ./ra/fsp/src/r_gpt/r_gpt.o
                0x00014e3c                R_GPT_Disable
 .text.R_GPT_PeriodSet
                0x00014e6e       0x5e ./ra/fsp/src/r_gpt/r_gpt.o
                0x00014e6e                R_GPT_PeriodSet
 .text.R_GPT_DutyCycleSet
                0x00014ecc       0x1a ./ra/fsp/src/r_gpt/r_gpt.o
                0x00014ecc                R_GPT_DutyCycleSet
 .text.R_GPT_CompareMatchSet
                0x00014ee6       0x58 ./ra/fsp/src/r_gpt/r_gpt.o
                0x00014ee6                R_GPT_CompareMatchSet
 .text.R_GPT_InfoGet
                0x00014f3e       0x3e ./ra/fsp/src/r_gpt/r_gpt.o
                0x00014f3e                R_GPT_InfoGet
 .text.R_GPT_StatusGet
                0x00014f7c       0x38 ./ra/fsp/src/r_gpt/r_gpt.o
                0x00014f7c                R_GPT_StatusGet
 .text.R_GPT_CallbackSet
                0x00014fb4       0x32 ./ra/fsp/src/r_gpt/r_gpt.o
                0x00014fb4                R_GPT_CallbackSet
 .text.R_GPT_Close
                0x00014fe6       0xa6 ./ra/fsp/src/r_gpt/r_gpt.o
                0x00014fe6                R_GPT_Close
 .text.r_gpt_write_protect_enable
                0x0001508c       0x16 ./ra/fsp/src/r_gpt/r_gpt.o
 .text.r_gpt_write_protect_disable
                0x000150a2       0x16 ./ra/fsp/src/r_gpt/r_gpt.o
 .text.gpt_common_open
                0x000150b8       0x50 ./ra/fsp/src/r_gpt/r_gpt.o
 .text.gpt_hardware_initialize
                0x00015108      0x214 ./ra/fsp/src/r_gpt/r_gpt.o
 .text.gpt_hardware_events_disable
                0x0001531c       0x42 ./ra/fsp/src/r_gpt/r_gpt.o
 .text.r_gpt_disable_irq
                0x0001535e       0x30 ./ra/fsp/src/r_gpt/r_gpt.o
 .text.r_gpt_enable_irq
                0x0001538e       0x2c ./ra/fsp/src/r_gpt/r_gpt.o
 .text.r_gpt_clear_pending_irq
                0x000153ba       0x24 ./ra/fsp/src/r_gpt/r_gpt.o
 .text.gpt_clock_frequency_get
                0x000153de       0x2e ./ra/fsp/src/r_gpt/r_gpt.o
 .text.r_gpt_init_compare_match_channel
                0x0001540c       0x74 ./ra/fsp/src/r_gpt/r_gpt.o
 .text.r_gpt_call_callback
                0x00015480       0x6c ./ra/fsp/src/r_gpt/r_gpt.o
 .text.gpt_counter_overflow_isr
                0x000154ec       0xf6 ./ra/fsp/src/r_gpt/r_gpt.o
                0x000154ec                gpt_counter_overflow_isr
 *fill*         0x000155e2        0x2 
 .text.R_DTC_Open
                0x000155e4       0x70 ./ra/fsp/src/r_dtc/r_dtc.o
                0x000155e4                R_DTC_Open
 .text.R_DTC_Reconfigure
                0x00015654       0x42 ./ra/fsp/src/r_dtc/r_dtc.o
                0x00015654                R_DTC_Reconfigure
 *fill*         0x00015696        0x2 
 .text.R_DTC_Reset
                0x00015698       0xa4 ./ra/fsp/src/r_dtc/r_dtc.o
                0x00015698                R_DTC_Reset
 .text.R_DTC_SoftwareStart
                0x0001573c       0x1a ./ra/fsp/src/r_dtc/r_dtc.o
                0x0001573c                R_DTC_SoftwareStart
 .text.R_DTC_SoftwareStop
                0x00015756       0x16 ./ra/fsp/src/r_dtc/r_dtc.o
                0x00015756                R_DTC_SoftwareStop
 .text.R_DTC_Enable
                0x0001576c       0x1c ./ra/fsp/src/r_dtc/r_dtc.o
                0x0001576c                R_DTC_Enable
 .text.R_DTC_Disable
                0x00015788       0x22 ./ra/fsp/src/r_dtc/r_dtc.o
                0x00015788                R_DTC_Disable
 *fill*         0x000157aa        0x2 
 .text.R_DTC_InfoGet
                0x000157ac       0x98 ./ra/fsp/src/r_dtc/r_dtc.o
                0x000157ac                R_DTC_InfoGet
 .text.R_DTC_Reload
                0x00015844       0x1c ./ra/fsp/src/r_dtc/r_dtc.o
                0x00015844                R_DTC_Reload
 .text.R_DTC_CallbackSet
                0x00015860       0x1c ./ra/fsp/src/r_dtc/r_dtc.o
                0x00015860                R_DTC_CallbackSet
 .text.R_DTC_Close
                0x0001587c       0x48 ./ra/fsp/src/r_dtc/r_dtc.o
                0x0001587c                R_DTC_Close
 .text.r_dtc_prv_enable
                0x000158c4       0x34 ./ra/fsp/src/r_dtc/r_dtc.o
 .text.r_dtc_state_initialize
                0x000158f8       0x80 ./ra/fsp/src/r_dtc/r_dtc.o
 .text.r_dtc_set_info
                0x00015978       0x3c ./ra/fsp/src/r_dtc/r_dtc.o
 .text.r_dtc_block_repeat_initialize
                0x000159b4       0x6c ./ra/fsp/src/r_dtc/r_dtc.o
 .text.r_dtc_wait_for_transfer_complete
                0x00015a20       0x34 ./ra/fsp/src/r_dtc/r_dtc.o
 .text.r_dtc_disable_transfer
                0x00015a54       0x48 ./ra/fsp/src/r_dtc/r_dtc.o
 .text.R_BSP_FlashCacheEnable